Component: ARM Compiler 5.06 update 6 (build 750) Tool: armlink [4d35ed]

==============================================================================

Section Cross References

    startup_stm32f407xx.o(RESET) refers to startup_stm32f407xx.o(STACK) for __initial_sp
    startup_stm32f407xx.o(RESET) refers to startup_stm32f407xx.o(.text) for Reset_Handler
    startup_stm32f407xx.o(RESET) refers to stm32f4xx_it.o(i.NMI_Handler) for NMI_Handler
    startup_stm32f407xx.o(RESET) refers to stm32f4xx_it.o(i.HardFault_Handler) for HardFault_Handler
    startup_stm32f407xx.o(RESET) refers to stm32f4xx_it.o(i.MemManage_Handler) for MemManage_Handler
    startup_stm32f407xx.o(RESET) refers to stm32f4xx_it.o(i.BusFault_Handler) for BusFault_Handler
    startup_stm32f407xx.o(RESET) refers to stm32f4xx_it.o(i.UsageFault_Handler) for UsageFault_Handler
    startup_stm32f407xx.o(RESET) refers to port.o(.emb_text) for SVC_Handler
    startup_stm32f407xx.o(RESET) refers to stm32f4xx_it.o(i.DebugMon_Handler) for DebugMon_Handler
    startup_stm32f407xx.o(RESET) refers to stm32f4xx_it.o(i.SysTick_Handler) for SysTick_Handler
    startup_stm32f407xx.o(RESET) refers to stm32f4xx_it.o(i.DMA1_Stream1_IRQHandler) for DMA1_Stream1_IRQHandler
    startup_stm32f407xx.o(RESET) refers to stm32f4xx_it.o(i.DMA1_Stream2_IRQHandler) for DMA1_Stream2_IRQHandler
    startup_stm32f407xx.o(RESET) refers to stm32f4xx_it.o(i.DMA1_Stream5_IRQHandler) for DMA1_Stream5_IRQHandler
    startup_stm32f407xx.o(RESET) refers to stm32f4xx_it.o(i.TIM2_IRQHandler) for TIM2_IRQHandler
    startup_stm32f407xx.o(RESET) refers to stm32f4xx_it.o(i.USART1_IRQHandler) for USART1_IRQHandler
    startup_stm32f407xx.o(RESET) refers to stm32f4xx_it.o(i.USART2_IRQHandler) for USART2_IRQHandler
    startup_stm32f407xx.o(RESET) refers to stm32f4xx_it.o(i.USART3_IRQHandler) for USART3_IRQHandler
    startup_stm32f407xx.o(RESET) refers to stm32f4xx_it.o(i.UART4_IRQHandler) for UART4_IRQHandler
    startup_stm32f407xx.o(.text) refers to system_stm32f4xx.o(i.SystemInit) for SystemInit
    startup_stm32f407xx.o(.text) refers to entry.o(.ARM.Collect$$$$00000000) for __main
    main.o(i.HAL_TIM_PeriodElapsedCallback) refers to stm32f4xx_hal.o(i.HAL_IncTick) for HAL_IncTick
    main.o(i.SystemClock_Config) refers to stm32f4xx_hal_rcc.o(i.HAL_RCC_OscConfig) for HAL_RCC_OscConfig
    main.o(i.SystemClock_Config) refers to stm32f4xx_hal_rcc.o(i.HAL_RCC_ClockConfig) for HAL_RCC_ClockConfig
    main.o(i.SystemClock_Config) refers to stm32f4xx_hal_rcc_ex.o(i.HAL_RCCEx_PeriphCLKConfig) for HAL_RCCEx_PeriphCLKConfig
    main.o(i.SystemClock_Config) refers to stm32f4xx_hal_rcc.o(i.HAL_RCC_MCOConfig) for HAL_RCC_MCOConfig
    main.o(i.SystemClock_Config) refers to stm32f4xx_hal_rcc.o(i.HAL_RCC_GetHCLKFreq) for HAL_RCC_GetHCLKFreq
    main.o(i.SystemClock_Config) refers to stm32f4xx_hal_cortex.o(i.HAL_SYSTICK_Config) for HAL_SYSTICK_Config
    main.o(i.SystemClock_Config) refers to stm32f4xx_hal_cortex.o(i.HAL_SYSTICK_CLKSourceConfig) for HAL_SYSTICK_CLKSourceConfig
    main.o(i.SystemClock_Config) refers to stm32f4xx_hal_cortex.o(i.HAL_NVIC_SetPriority) for HAL_NVIC_SetPriority
    main.o(i.main) refers to stm32f4xx_hal.o(i.HAL_Init) for HAL_Init
    main.o(i.main) refers to main.o(i.SystemClock_Config) for SystemClock_Config
    main.o(i.main) refers to gpio.o(i.MX_GPIO_Init) for MX_GPIO_Init
    main.o(i.main) refers to dma.o(i.MX_DMA_Init) for MX_DMA_Init
    main.o(i.main) refers to adc.o(i.MX_ADC1_Init) for MX_ADC1_Init
    main.o(i.main) refers to crc.o(i.MX_CRC_Init) for MX_CRC_Init
    main.o(i.main) refers to dcmi.o(i.MX_DCMI_Init) for MX_DCMI_Init
    main.o(i.main) refers to i2c.o(i.MX_I2C1_Init) for MX_I2C1_Init
    main.o(i.main) refers to i2c.o(i.MX_I2C2_Init) for MX_I2C2_Init
    main.o(i.main) refers to rtc.o(i.MX_RTC_Init) for MX_RTC_Init
    main.o(i.main) refers to sdio.o(i.MX_SDIO_SD_Init) for MX_SDIO_SD_Init
    main.o(i.main) refers to spi.o(i.MX_SPI1_Init) for MX_SPI1_Init
    main.o(i.main) refers to spi.o(i.MX_SPI2_Init) for MX_SPI2_Init
    main.o(i.main) refers to usart.o(i.MX_UART4_Init) for MX_UART4_Init
    main.o(i.main) refers to usart.o(i.MX_USART1_UART_Init) for MX_USART1_UART_Init
    main.o(i.main) refers to usart.o(i.MX_USART2_UART_Init) for MX_USART2_UART_Init
    main.o(i.main) refers to usart.o(i.MX_USART3_UART_Init) for MX_USART3_UART_Init
    main.o(i.main) refers to freertos.o(i.MX_FREERTOS_Init) for MX_FREERTOS_Init
    main.o(i.main) refers to cmsis_os.o(i.osKernelStart) for osKernelStart
    gpio.o(i.MX_GPIO_Init) refers to stm32f4xx_hal_gpio.o(i.HAL_GPIO_WritePin) for HAL_GPIO_WritePin
    gpio.o(i.MX_GPIO_Init) refers to stm32f4xx_hal_gpio.o(i.HAL_GPIO_Init) for HAL_GPIO_Init
    adc.o(i.HAL_ADC_MspDeInit) refers to stm32f4xx_hal_gpio.o(i.HAL_GPIO_DeInit) for HAL_GPIO_DeInit
    adc.o(i.HAL_ADC_MspInit) refers to stm32f4xx_hal_gpio.o(i.HAL_GPIO_Init) for HAL_GPIO_Init
[...]
    i.osMessageGet                           0x08003ffc   Section        0  cmsis_os.o(i.osMessageGet)
    i.osMessagePut                           0x08004094   Section        0  cmsis_os.o(i.osMessagePut)
    i.osSystickHandler                       0x080040f0   Section        0  cmsis_os.o(i.osSystickHandler)
    i.osThreadCreate                         0x08004104   Section        0  cmsis_os.o(i.osThreadCreate)
    i.prvAddCurrentTaskToDelayedList         0x08004134   Section        0  tasks.o(i.prvAddCurrentTaskToDelayedList)
    prvAddCurrentTaskToDelayedList           0x08004135   Thumb Code   102  tasks.o(i.prvAddCurrentTaskToDelayedList)
    i.prvAddNewTaskToReadyList               0x080041a4   Section        0  tasks.o(i.prvAddNewTaskToReadyList)
    prvAddNewTaskToReadyList                 0x080041a5   Thumb Code   194  tasks.o(i.prvAddNewTaskToReadyList)
    i.prvCheckTasksWaitingTermination        0x08004274   Section        0  tasks.o(i.prvCheckTasksWaitingTermination)
    prvCheckTasksWaitingTermination          0x08004275   Thumb Code    70  tasks.o(i.prvCheckTasksWaitingTermination)
    i.prvCopyDataFromQueue                   0x080042c4   Section        0  queue.o(i.prvCopyDataFromQueue)
    prvCopyDataFromQueue                     0x080042c5   Thumb Code    38  queue.o(i.prvCopyDataFromQueue)
    i.prvCopyDataToQueue                     0x080042ea   Section        0  queue.o(i.prvCopyDataToQueue)
    prvCopyDataToQueue                       0x080042eb   Thumb Code   108  queue.o(i.prvCopyDataToQueue)
    i.prvDeleteTCB                           0x08004356   Section        0  tasks.o(i.prvDeleteTCB)
    prvDeleteTCB                             0x08004357   Thumb Code    20  tasks.o(i.prvDeleteTCB)
    i.prvHeapInit                            0x0800436c   Section        0  heap_4.o(i.prvHeapInit)
    prvHeapInit                              0x0800436d   Thumb Code    66  heap_4.o(i.prvHeapInit)
    i.prvIdleTask                            0x080043b8   Section        0  tasks.o(i.prvIdleTask)
    prvIdleTask                              0x080043b9   Thumb Code    30  tasks.o(i.prvIdleTask)
    i.prvInitialiseNewTask                   0x080043e0   Section        0  tasks.o(i.prvInitialiseNewTask)
    prvInitialiseNewTask                     0x080043e1   Thumb Code   142  tasks.o(i.prvInitialiseNewTask)
    i.prvInsertBlockIntoFreeList             0x08004470   Section        0  heap_4.o(i.prvInsertBlockIntoFreeList)
    prvInsertBlockIntoFreeList               0x08004471   Thumb Code    72  heap_4.o(i.prvInsertBlockIntoFreeList)
    i.prvIsQueueEmpty                        0x080044bc   Section        0  queue.o(i.prvIsQueueEmpty)
    prvIsQueueEmpty                          0x080044bd   Thumb Code    28  queue.o(i.prvIsQueueEmpty)
    i.prvResetNextTaskUnblockTime            0x080044d8   Section        0  tasks.o(i.prvResetNextTaskUnblockTime)
    prvResetNextTaskUnblockTime              0x080044d9   Thumb Code    26  tasks.o(i.prvResetNextTaskUnblockTime)
    i.prvTaskExitError                       0x080044f8   Section        0  port.o(i.prvTaskExitError)
    prvTaskExitError                         0x080044f9   Thumb Code    36  port.o(i.prvTaskExitError)
    i.prvUnlockQueue                         0x08004520   Section        0  queue.o(i.prvUnlockQueue)
    prvUnlockQueue                           0x08004521   Thumb Code   106  queue.o(i.prvUnlockQueue)
    i.pvPortMalloc                           0x0800458c   Section        0  heap_4.o(i.pvPortMalloc)
    i.pvTaskIncrementMutexHeldCount          0x08004664   Section        0  tasks.o(i.pvTaskIncrementMutexHeldCount)
    i.pxPortInitialiseStack                  0x0800467c   Section        0  port.o(i.pxPortInitialiseStack)
    i.uxListRemove                           0x080046a8   Section        0  list.o(i.uxListRemove)
    i.vListInitialise                        0x080046cc   Section        0  list.o(i.vListInitialise)
    i.vListInitialiseItem                    0x080046e2   Section        0  list.o(i.vListInitialiseItem)
    i.vListInsert                            0x080046e8   Section        0  list.o(i.vListInsert)
    i.vListInsertEnd                         0x08004718   Section        0  list.o(i.vListInsertEnd)
    i.vPortEnterCritical                     0x08004730   Section        0  port.o(i.vPortEnterCritical)
    i.vPortExitCritical                      0x08004770   Section        0  port.o(i.vPortExitCritical)
    i.vPortFree                              0x08004798   Section        0  heap_4.o(i.vPortFree)
    i.vPortSetupTimerInterrupt               0x080047f4   Section        0  port.o(i.vPortSetupTimerInterrupt)
    i.vPortValidateInterruptPriority         0x08004814   Section        0  port.o(i.vPortValidateInterruptPriority)
    i.vTaskDelay                             0x08004868   Section        0  tasks.o(i.vTaskDelay)
    i.vTaskMissedYield                       0x080048b4   Section        0  tasks.o(i.vTaskMissedYield)
    i.vTaskPlaceOnEventList                  0x080048c0   Section        0  tasks.o(i.vTaskPlaceOnEventList)
    i.vTaskPriorityInherit                   0x080048f0   Section        0  tasks.o(i.vTaskPriorityInherit)
    i.vTaskSetTimeOutState                   0x08004974   Section        0  tasks.o(i.vTaskSetTimeOutState)
    i.vTaskStartScheduler                    0x08004998   Section        0  tasks.o(i.vTaskStartScheduler)
    i.vTaskSuspendAll                        0x08004a00   Section        0  tasks.o(i.vTaskSuspendAll)
    i.vTaskSwitchContext                     0x08004a10   Section        0  tasks.o(i.vTaskSwitchContext)
    i.xPortStartScheduler                    0x08004a6c   Section        0  port.o(i.xPortStartScheduler)
    i.xPortSysTickHandler                    0x08004b4c   Section        0  port.o(i.xPortSysTickHandler)
    i.xQueueGenericCreate                    0x08004b78   Section        0  queue.o(i.xQueueGenericCreate)
    i.xQueueGenericReceive                   0x08004bc0   Section        0  queue.o(i.xQueueGenericReceive)
    i.xQueueGenericReset                     0x08004d2c   Section        0  queue.o(i.xQueueGenericReset)
    i.xQueueGenericSend                      0x08004db4   Section        0  queue.o(i.xQueueGenericSend)
    i.xQueueGenericSendFromISR               0x08004f14   Section        0  queue.o(i.xQueueGenericSendFromISR)
    i.xQueueReceiveFromISR                   0x08004fd0   Section        0  queue.o(i.xQueueReceiveFromISR)
    i.xTaskCheckForTimeOut                   0x0800506c   Section        0  tasks.o(i.xTaskCheckForTimeOut)
    i.xTaskCreate                            0x080050d8   Section        0  tasks.o(i.xTaskCreate)
    i.xTaskGetSchedulerState                 0x08005130   Section        0  tasks.o(i.xTaskGetSchedulerState)
    i.xTaskGetTickCount                      0x0800514c   Section        0  tasks.o(i.xTaskGetTickCount)
    i.xTaskGetTickCountFromISR               0x08005158   Section        0  tasks.o(i.xTaskGetTickCountFromISR)
    i.xTaskIncrementTick                     0x08005168   Section        0  tasks.o(i.xTaskIncrementTick)
    i.xTaskPriorityDisinherit                0x08005230   Section        0  tasks.o(i.xTaskPriorityDisinherit)
    i.xTaskRemoveFromEventList               0x080052c8   Section        0  tasks.o(i.xTaskRemoveFromEventList)
    i.xTaskResumeAll                         0x0800533c   Section        0  tasks.o(i.xTaskResumeAll)
    .constdata                               0x08005400   Section       20  sd_diskio.o(.constdata)
    .constdata                               0x08005414   Section        8  sd_diskio.o(.constdata)
    .constdata                               0x0800541c   Section       20  freertos.o(.constdata)
    .constdata                               0x08005430   Section        8  stm32f4xx_hal_dma.o(.constdata)
    flagBitshiftOffset                       0x08005430   Data           8  stm32f4xx_hal_dma.o(.constdata)
    .constdata                               0x08005438   Section       16  system_stm32f4xx.o(.constdata)
    .constdata                               0x08005448   Section        8  system_stm32f4xx.o(.constdata)
    .conststring                             0x08005450   Section       12  freertos.o(.conststring)
    .data                                    0x20000000   Section        8  crc.o(.data)
    .data                                    0x20000008   Section        8  sd_diskio.o(.data)
    Stat                                     0x20000008   Data           1  sd_diskio.o(.data)
    SDQueueID                                0x2000000c   Data           4  sd_diskio.o(.data)
    .data                                    0x20000010   Section       10  fatfs.o(.data)
    .data                                    0x2000001a   Section        1  user_diskio.o(.data)
    Stat                                     0x2000001a   Data           1  user_diskio.o(.data)
    .data                                    0x2000001c   Section       20  user_diskio.o(.data)
    .data                                    0x20000030   Section        4  freertos.o(.data)
    .data                                    0x20000034   Section       12  stm32f4xx_hal.o(.data)
    .data                                    0x20000040   Section        4  system_stm32f4xx.o(.data)
    .data                                    0x20000044   Section       24  heap_4.o(.data)
    pxEnd                                    0x20000044   Data           4  heap_4.o(.data)
    xFreeBytesRemaining                      0x20000048   Data           4  heap_4.o(.data)
    xMinimumEverFreeBytesRemaining           0x2000004c   Data           4  heap_4.o(.data)
    xBlockAllocatedBit                       0x20000050   Data           4  heap_4.o(.data)
    xStart                                   0x20000054   Data           8  heap_4.o(.data)
    .data                                    0x2000005c   Section       12  port.o(.data)
    ucMaxSysCallPriority                     0x2000005c   Data           1  port.o(.data)
    uxCriticalNesting                        0x20000060   Data           4  port.o(.data)
    ulMaxPRIGROUPValue                       0x20000064   Data           4  port.o(.data)
    .data                                    0x20000068   Section       60  tasks.o(.data)
    uxDeletedTasksWaitingCleanUp             0x2000006c   Data           4  tasks.o(.data)
    uxCurrentNumberOfTasks                   0x20000070   Data           4  tasks.o(.data)
    xTickCount                               0x20000074   Data           4  tasks.o(.data)
    uxTopReadyPriority                       0x20000078   Data           4  tasks.o(.data)
    xSchedulerRunning                        0x2000007c   Data           4  tasks.o(.data)
    uxPendedTicks                            0x20000080   Data           4  tasks.o(.data)
    xYieldPending                            0x20000084   Data           4  tasks.o(.data)
    xNumOfOverflows                          0x20000088   Data           4  tasks.o(.data)
    uxTaskNumber                             0x2000008c   Data           4  tasks.o(.data)
    xNextTaskUnblockTime                     0x20000090   Data           4  tasks.o(.data)
    xIdleTaskHandle                          0x20000094   Data           4  tasks.o(.data)
    uxSchedulerSuspended                     0x20000098   Data           4  tasks.o(.data)
    pxDelayedTaskList                        0x2000009c   Data           4  tasks.o(.data)
    pxOverflowDelayedTaskList                0x200000a0   Data           4  tasks.o(.data)
    .bss                                     0x200000a4   Section       72  adc.o(.bss)
    .bss                                     0x200000ec   Section       64  dcmi.o(.bss)
    .bss                                     0x2000012c   Section      168  i2c.o(.bss)
    .bss                                     0x200001d4   Section       32  rtc.o(.bss)
    .bss                                     0x200001f4   Section      132  sdio.o(.bss)
    .bss                                     0x20000278   Section      176  spi.o(.bss)
    .bss                                     0x20000328   Section      544  usart.o(.bss)
    .bss                                     0x20000548   Section       60  stm32f4xx_hal_timebase_tim.o(.bss)
    .bss                                     0x20000584   Section       16  ff_gen_drv.o(.bss)
    .bss                                     0x20000594   Section    15360  heap_4.o(.bss)
    ucHeap                                   0x20000594   Data       15360  heap_4.o(.bss)
    .bss                                     0x20004194   Section      240  tasks.o(.bss)
    pxReadyTasksLists                        0x20004194   Data         140  tasks.o(.bss)
    xDelayedTaskList1                        0x20004220   Data          20  tasks.o(.bss)
    xDelayedTaskList2                        0x20004234   Data          20  tasks.o(.bss)
    xPendingReadyList                        0x20004248   Data          20  tasks.o(.bss)
    xTasksWaitingTermination                 0x2000425c   Data          20  tasks.o(.bss)
    xSuspendedTaskList                       0x20004270   Data          20  tasks.o(.bss)
    STACK                                    0x20004288   Section     1024  startup_stm32f407xx.o(STACK)

    Global Symbols

    Symbol Name                              Value     Ov Type        Size  Object(Section)

    BuildAttributes$$THM_ISAv4$E$P$D$K$B$S$7EM$VFPi3$EXTD16$VFPS$VFMA$PE$A:L22UL41UL21$X:L11$S22US41US21$IEEE1$IW$USESV6$~STKCKD$USESV7$~SHL$OTIME$ROPI$EBA8$MICROLIB$REQ8$PRES8$EABIv2 0x00000000   Number         0  anon$$obj.o ABSOLUTE
    __ARM_use_no_argv                        0x00000000   Number         0  main.o ABSOLUTE
    _printf_a                                0x00000000   Number         0  stubs.o ABSOLUTE
    _printf_c                                0x00000000   Number         0  stubs.o ABSOLUTE
    _printf_charcount                        0x00000000   Number         0  stubs.o ABSOLUTE
    _printf_d                                0x00000000   Number         0  stubs.o ABSOLUTE
    _printf_e                                0x00000000   Number         0  stubs.o ABSOLUTE
    _printf_f                                0x00000000   Number         0  stubs.o ABSOLUTE
    _printf_flags                            0x00000000   Number         0  stubs.o ABSOLUTE
    _printf_fp_dec                           0x00000000   Number         0  stubs.o ABSOLUTE
    _printf_fp_hex                           0x00000000   Number         0  stubs.o ABSOLUTE
    _printf_g                                0x00000000   Number         0  stubs.o ABSOLUTE
    _printf_i                                0x00000000   Number         0  stubs.o ABSOLUTE
    _printf_int_dec                          0x00000000   Number         0  stubs.o ABSOLUTE
    _printf_l                                0x00000000   Number         0  stubs.o ABSOLUTE
    _printf_lc                               0x00000000   Number         0  stubs.o ABSOLUTE
    _printf_ll                               0x00000000   Number         0  stubs.o ABSOLUTE
    _printf_lld                              0x00000000   Number         0  stubs.o ABSOLUTE
    _printf_lli                              0x00000000   Number         0  stubs.o ABSOLUTE
    _printf_llo                              0x00000000   Number         0  stubs.o ABSOLUTE
    _printf_llu                              0x00000000   Number         0  stubs.o ABSOLUTE
    _printf_llx                              0x00000000   Number         0  stubs.o ABSOLUTE
    _printf_longlong_dec                     0x00000000   Number         0  stubs.o ABSOLUTE
    _printf_longlong_hex                     0x00000000   Number         0  stubs.o ABSOLUTE
    _printf_longlong_oct                     0x00000000   Number         0  stubs.o ABSOLUTE
    _printf_ls                               0x00000000   Number         0  stubs.o ABSOLUTE
    _printf_mbtowc                           0x00000000   Number         0  stubs.o ABSOLUTE
    _printf_n                                0x00000000   Number         0  stubs.o ABSOLUTE
    _printf_o                                0x00000000   Number         0  stubs.o ABSOLUTE
    _printf_p                                0x00000000   Number         0  stubs.o ABSOLUTE
    _printf_percent                          0x00000000   Number         0  stubs.o ABSOLUTE
    _printf_pre_padding                      0x00000000   Number         0  stubs.o ABSOLUTE
    _printf_return_value                     0x00000000   Number         0  stubs.o ABSOLUTE
    _printf_s                                0x00000000   Number         0  stubs.o ABSOLUTE
    _printf_sizespec                         0x00000000   Number         0  stubs.o ABSOLUTE
    _printf_str                              0x00000000   Number         0  stubs.o ABSOLUTE
    _printf_truncate_signed                  0x00000000   Number         0  stubs.o ABSOLUTE
    _printf_truncate_unsigned                0x00000000   Number         0  stubs.o ABSOLUTE
    _printf_u                                0x00000000   Number         0  stubs.o ABSOLUTE
    _printf_wc                               0x00000000   Number         0  stubs.o ABSOLUTE
    _printf_wctomb                           0x00000000   Number         0  stubs.o ABSOLUTE
    _printf_widthprec                        0x00000000   Number         0  stubs.o ABSOLUTE
    _printf_x                                0x00000000   Number         0  stubs.o ABSOLUTE
    __cpp_initialize__aeabi_                  - Undefined Weak Reference
    __cxa_finalize                            - Undefined Weak Reference
    __decompress                              - Undefined Weak Reference
    _clock_init                               - Undefined Weak Reference
    _microlib_exit                            - Undefined Weak Reference
    __Vectors_Size                           0x00000188   Number         0  startup_stm32f407xx.o ABSOLUTE
    __Vectors                                0x08000000   Data           4  startup_stm32f407xx.o(RESET)
    __Vectors_End                            0x08000188   Data           0  startup_stm32f407xx.o(RESET)
    __main                                   0x08000189   Thumb Code     0  entry.o(.ARM.Collect$$$$00000000)
    _main_stk                                0x08000189   Thumb Code     0  entry2.o(.ARM.Collect$$$$00000001)
    _main_scatterload                        0x0800018d   Thumb Code     0  entry5.o(.ARM.Collect$$$$00000004)
    __main_after_scatterload                 0x08000191   Thumb Code     0  entry5.o(.ARM.Collect$$$$00000004)
    _main_clock                              0x08000191   Thumb Code     0  entry7b.o(.ARM.Collect$$$$00000008)
    _main_cpp_init                           0x08000191   Thumb Code     0  entry8b.o(.ARM.Collect$$$$0000000A)
    _main_init                               0x08000191   Thumb Code     0  entry9a.o(.ARM.Collect$$$$0000000B)
    __rt_final_cpp                           0x08000199   Thumb Code     0  entry10a.o(.ARM.Collect$$$$0000000D)
    __rt_final_exit                          0x08000199   Thumb Code     0  entry11a.o(.ARM.Collect$$$$0000000F)
    SVC_Handler                              0x0800019d   Thumb Code    28  port.o(.emb_text)
    __asm___6_port_c_39a90d8d__prvStartFirstTask 0x080001bd   Thumb Code    28  port.o(.emb_text)
    __asm___6_port_c_39a90d8d__prvEnableVFP  0x080001dd   Thumb Code    16  port.o(.emb_text)
    PendSV_Handler                           0x080001f1   Thumb Code    92  port.o(.emb_text)
    vPortGetIPSR                             0x08000251   Thumb Code     6  port.o(.emb_text)
    Reset_Handler                            0x08000259   Thumb Code     8  startup_stm32f407xx.o(.text)
    ADC_IRQHandler                           0x08000273   Thumb Code     0  startup_stm32f407xx.o(.text)
    CAN1_RX0_IRQHandler                      0x08000273   Thumb Code     0  startup_stm32f407xx.o(.text)
    CAN1_RX1_IRQHandler                      0x08000273   Thumb Code     0  startup_stm32f407xx.o(.text)
    CAN1_SCE_IRQHandler                      0x08000273   Thumb Code     0  startup_stm32f407xx.o(.text)
    CAN1_TX_IRQHandler                       0x08000273   Thumb Code     0  startup_stm32f407xx.o(.text)
    CAN2_RX0_IRQHandler                      0x08000273   Thumb Code     0  startup_stm32f407xx.o(.text)
    CAN2_RX1_IRQHandler                      0x08000273   Thumb Code     0  startup_stm32f407xx.o(.text)
    CAN2_SCE_IRQHandler                      0x08000273   Thumb Code     0  startup_stm32f407xx.o(.text)
    CAN2_TX_IRQHandler                       0x08000273   Thumb Code     0  startup_stm32f407xx.o(.text)
    DCMI_IRQHandler                          0x08000273   Thumb Code     0  startup_stm32f407xx.o(.text)
    DMA1_Stream0_IRQHandler                  0x08000273   Thumb Code     0  startup_stm32f407xx.o(.text)
    DMA1_Stream3_IRQHandler                  0x08000273   Thumb Code     0  startup_stm32f407xx.o(.text)
    DMA1_Stream4_IRQHandler                  0x08000273   Thumb Code     0  startup_stm32f407xx.o(.text)
    DMA1_Stream6_IRQHandler                  0x08000273   Thumb Code     0  startup_stm32f407xx.o(.text)
    DMA1_Stream7_IRQHandler                  0x08000273   Thumb Code     0  startup_stm32f407xx.o(.text)
    DMA2_Stream0_IRQHandler                  0x08000273   Thumb Code     0  startup_stm32f407xx.o(.text)
    DMA2_Stream1_IRQHandler                  0x08000273   Thumb Code     0  startup_stm32f407xx.o(.text)
    DMA2_Stream2_IRQHandler                  0x08000273   Thumb Code     0  startup_stm32f407xx.o(.text)
    DMA2_Stream3_IRQHandler                  0x08000273   Thumb Code     0  startup_stm32f407xx.o(.text)
    DMA2_Stream4_IRQHandler                  0x08000273   Thumb Code     0  startup_stm32f407xx.o(.text)
    DMA2_Stream5_IRQHandler                  0x08000273   Thumb Code     0  startup_stm32f407xx.o(.text)
    DMA2_Stream6_IRQHandler                  0x08000273   Thumb Code     0  startup_stm32f407xx.o(.text)
    DMA2_Stream7_IRQHandler                  0x08000273   Thumb Code     0  startup_stm32f407xx.o(.text)
    ETH_IRQHandler                           0x08000273   Thumb Code     0  startup_stm32f407xx.o(.text)
    ETH_WKUP_IRQHandler                      0x08000273   Thumb Code     0  startup_stm32f407xx.o(.text)
    EXTI0_IRQHandler                         0x08000273   Thumb Code     0  startup_stm32f407xx.o(.text)
    EXTI15_10_IRQHandler                     0x08000273   Thumb Code     0  startup_stm32f407xx.o(.text)
    EXTI1_IRQHandler                         0x08000273   Thumb Code     0  startup_stm32f407xx.o(.text)
    EXTI2_IRQHandler                         0x08000273   Thumb Code     0  startup_stm32f407xx.o(.text)
    EXTI3_IRQHandler                         0x08000273   Thumb Code     0  startup_stm32f407xx.o(.text)
    EXTI4_IRQHandler                         0x08000273   Thumb Code     0  startup_stm32f407xx.o(.text)
    EXTI9_5_IRQHandler                       0x08000273   Thumb Code     0  startup_stm32f407xx.o(.text)
    FLASH_IRQHandler                         0x08000273   Thumb Code     0  startup_stm32f407xx.o(.text)
    FMC_IRQHandler                           0x08000273   Thumb Code     0  startup_stm32f407xx.o(.text)
    FPU_IRQHandler                           0x08000273   Thumb Code     0  startup_stm32f407xx.o(.text)
    HASH_RNG_IRQHandler                      0x08000273   Thumb Code     0  startup_stm32f407xx.o(.text)
    I2C1_ER_IRQHandler                       0x08000273   Thumb Code     0  startup_stm32f407xx.o(.text)
    I2C1_EV_IRQHandler                       0x08000273   Thumb Code     0  startup_stm32f407xx.o(.text)
    I2C2_ER_IRQHandler                       0x08000273   Thumb Code     0  startup_stm32f407xx.o(.text)
    I2C2_EV_IRQHandler                       0x08000273   Thumb Code     0  startup_stm32f407xx.o(.text)
    I2C3_ER_IRQHandler                       0x08000273   Thumb Code     0  startup_stm32f407xx.o(.text)
    I2C3_EV_IRQHandler                       0x08000273   Thumb Code     0  startup_stm32f407xx.o(.text)
    OTG_FS_IRQHandler                        0x08000273   Thumb Code     0  startup_stm32f407xx.o(.text)
    OTG_FS_WKUP_IRQHandler                   0x08000273   Thumb Code     0  startup_stm32f407xx.o(.text)
    OTG_HS_EP1_IN_IRQHandler                 0x08000273   Thumb Code     0  startup_stm32f407xx.o(.text)
    OTG_HS_EP1_OUT_IRQHandler                0x08000273   Thumb Code     0  startup_stm32f407xx.o(.text)
    OTG_HS_IRQHandler                        0x08000273   Thumb Code     0  startup_stm32f407xx.o(.text)
    OTG_HS_WKUP_IRQHandler                   0x08000273   Thumb Code     0  startup_stm32f407xx.o(.text)
    PVD_IRQHandler                           0x08000273   Thumb Code     0  startup_stm32f407xx.o(.text)
    RCC_IRQHandler                           0x08000273   Thumb Code     0  startup_stm32f407xx.o(.text)
    RTC_Alarm_IRQHandler                     0x08000273   Thumb Code     0  startup_stm32f407xx.o(.text)
    RTC_WKUP_IRQHandler                      0x08000273   Thumb Code     0  startup_stm32f407xx.o(.text)
    SDIO_IRQHandler                          0x08000273   Thumb Code     0  startup_stm32f407xx.o(.text)
    SPI1_IRQHandler                          0x08000273   Thumb Code     0  startup_stm32f407xx.o(.text)
    SPI2_IRQHandler                          0x08000273   Thumb Code     0  startup_stm32f407xx.o(.text)
    SPI3_IRQHandler                          0x08000273   Thumb Code     0  startup_stm32f407xx.o(.text)
    TAMP_STAMP_IRQHandler                    0x08000273   Thumb Code     0  startup_stm32f407xx.o(.text)
    TIM1_BRK_TIM9_IRQHandler                 0x08000273   Thumb Code     0  startup_stm32f407xx.o(.text)
    TIM1_CC_IRQHandler                       0x08000273   Thumb Code     0  startup_stm32f407xx.o(.text)
    TIM1_TRG_COM_TIM11_IRQHandler            0x08000273   Thumb Code     0  startup_stm32f407xx.o(.text)
    TIM1_UP_TIM10_IRQHandler                 0x08000273   Thumb Code     0  startup_stm32f407xx.o(.text)
    TIM3_IRQHandler                          0x08000273   Thumb Code     0  startup_stm32f407xx.o(.text)
    TIM4_IRQHandler                          0x08000273   Thumb Code     0  startup_stm32f407xx.o(.text)
    TIM5_IRQHandler                          0x08000273   Thumb Code     0  startup_stm32f407xx.o(.text)
    TIM6_DAC_IRQHandler                      0x08000273   Thumb Code     0  startup_stm32f407xx.o(.text)
    TIM7_IRQHandler                          0x08000273   Thumb Code     0  startup_stm32f407xx.o(.text)
    TIM8_BRK_TIM12_IRQHandler                0x08000273   Thumb Code     0  startup_stm32f407xx.o(.text)
    TIM8_CC_IRQHandler                       0x08000273   Thumb Code     0  startup_stm32f407xx.o(.text)
    TIM8_TRG_COM_TIM14_IRQHandler            0x08000273   Thumb Code     0  startup_stm32f407xx.o(.text)
    TIM8_UP_TIM13_IRQHandler                 0x08000273   Thumb Code     0  startup_stm32f407xx.o(.text)
    UART5_IRQHandler                         0x08000273   Thumb Code     0  startup_stm32f407xx.o(.text)
    USART6_IRQHandler                        0x08000273   Thumb Code     0  startup_stm32f407xx.o(.text)
    WWDG_IRQHandler                          0x08000273   Thumb Code     0  startup_stm32f407xx.o(.text)
    __aeabi_uldivmod                         0x0800027d   Thumb Code    98  uldiv.o(.text)
    __aeabi_memcpy                           0x080002df   Thumb Code    36  memcpya.o(.text)
    __aeabi_memcpy4                          0x080002df   Thumb Code     0  memcpya.o(.text)
    __aeabi_memcpy8                          0x080002df   Thumb Code     0  memcpya.o(.text)
    __aeabi_llsl                             0x08000303   Thumb Code    30  llshl.o(.text)
    _ll_shift_l                              0x08000303   Thumb Code     0  llshl.o(.text)
    __aeabi_llsr                             0x08000321   Thumb Code    32  llushr.o(.text)
    _ll_ushift_r                             0x08000321   Thumb Code     0  llushr.o(.text)
    __scatterload                            0x08000341   Thumb Code    28  init.o(.text)
    __scatterload_rt2                        0x08000341   Thumb Code     0  init.o(.text)
    BSP_PlatformIsDetected                   0x08000489   Thumb Code    20  fatfs_platform.o(i.BSP_PlatformIsDetected)
    BSP_SD_GetCardInfo                       0x080004a1   Thumb Code     8  bsp_driver_sd.o(i.BSP_SD_GetCardInfo)
    BSP_SD_GetCardState                      0x080004ad   Thumb Code    20  bsp_driver_sd.o(i.BSP_SD_GetCardState)
    BSP_SD_Init                              0x080004c5   Thumb Code    42  bsp_driver_sd.o(i.BSP_SD_Init)
    BSP_SD_IsDetected                        0x080004f5   Thumb Code    26  bsp_driver_sd.o(i.BSP_SD_IsDetected)
    BSP_SD_ReadBlocks_DMA                    0x08000511   Thumb Code    24  bsp_driver_sd.o(i.BSP_SD_ReadBlocks_DMA)
    BSP_SD_ReadCpltCallback                  0x0800052d   Thumb Code    14  sd_diskio.o(i.BSP_SD_ReadCpltCallback)
    BSP_SD_WriteBlocks_DMA                   0x08000541   Thumb Code    24  bsp_driver_sd.o(i.BSP_SD_WriteBlocks_DMA)
    BusFault_Handler                         0x0800055d   Thumb Code     2  stm32f4xx_it.o(i.BusFault_Handler)
    DMA1_Stream1_IRQHandler                  0x08000561   Thumb Code     6  stm32f4xx_it.o(i.DMA1_Stream1_IRQHandler)
    DMA1_Stream2_IRQHandler                  0x0800056d   Thumb Code     6  stm32f4xx_it.o(i.DMA1_Stream2_IRQHandler)
    DMA1_Stream5_IRQHandler                  0x08000579   Thumb Code     6  stm32f4xx_it.o(i.DMA1_Stream5_IRQHandler)
    DebugMon_Handler                         0x08000629   Thumb Code     2  stm32f4xx_it.o(i.DebugMon_Handler)
    FATFS_LinkDriver                         0x0800062b   Thumb Code     6  ff_gen_drv.o(i.FATFS_LinkDriver)
    FATFS_LinkDriverEx                       0x08000631   Thumb Code    60  ff_gen_drv.o(i.FATFS_LinkDriverEx)
    HAL_ADC_ConfigChannel                    0x08000671   Thumb Code   316  stm32f4xx_hal_adc.o(i.HAL_ADC_ConfigChannel)
    HAL_ADC_Init                             0x080007bd   Thumb Code    84  stm32f4xx_hal_adc.o(i.HAL_ADC_Init)
    HAL_ADC_MspInit                          0x08000811   Thumb Code    54  adc.o(i.HAL_ADC_MspInit)
    HAL_CRC_Init                             0x08000855   Thumb Code    38  stm32f4xx_hal_crc.o(i.HAL_CRC_Init)
    HAL_CRC_MspInit                          0x0800087d   Thumb Code    30  crc.o(i.HAL_CRC_MspInit)
    HAL_DCMI_Init                            0x080008a5   Thumb Code   118  stm32f4xx_hal_dcmi_ex.o(i.HAL_DCMI_Init)
    HAL_DCMI_MspInit                         0x0800091d   Thumb Code   118  dcmi.o(i.HAL_DCMI_MspInit)
    HAL_DMA_Abort_IT                         0x080009ad   Thumb Code    36  stm32f4xx_hal_dma.o(i.HAL_DMA_Abort_IT)
    HAL_DMA_IRQHandler                       0x080009d1   Thumb Code   412  stm32f4xx_hal_dma.o(i.HAL_DMA_IRQHandler)
    HAL_DMA_Init                             0x08000b71   Thumb Code   206  stm32f4xx_hal_dma.o(i.HAL_DMA_Init)
    HAL_DMA_Start_IT                         0x08000c45   Thumb Code   120  stm32f4xx_hal_dma.o(i.HAL_DMA_Start_IT)
    HAL_Delay                                0x08000cbd   Thumb Code    32  stm32f4xx_hal.o(i.HAL_Delay)
    HAL_GPIO_Init                            0x08000ce1   Thumb Code   388  stm32f4xx_hal_gpio.o(i.HAL_GPIO_Init)
    HAL_GPIO_ReadPin                         0x08000e91   Thumb Code    10  stm32f4xx_hal_gpio.o(i.HAL_GPIO_ReadPin)
    HAL_GPIO_WritePin                        0x08000e9b   Thumb Code    10  stm32f4xx_hal_gpio.o(i.HAL_GPIO_WritePin)
    HAL_GetTick                              0x08000ea5   Thumb Code     6  stm32f4xx_hal.o(i.HAL_GetTick)
    HAL_I2C_Init                             0x08000eb1   Thumb Code   254  stm32f4xx_hal_i2c.o(i.HAL_I2C_Init)
    HAL_I2C_MspInit                          0x08000fb9   Thumb Code    92  i2c.o(i.HAL_I2C_MspInit)
    HAL_IncTick                              0x08001025   Thumb Code    12  stm32f4xx_hal.o(i.HAL_IncTick)
    HAL_Init                                 0x08001035   Thumb Code    48  stm32f4xx_hal.o(i.HAL_Init)
    HAL_InitTick                             0x08001069   Thumb Code   102  stm32f4xx_hal_timebase_tim.o(i.HAL_InitTick)
    HAL_MspInit                              0x080010dd   Thumb Code   126  stm32f4xx_hal_msp.o(i.HAL_MspInit)
    HAL_NVIC_EnableIRQ                       0x08001161   Thumb Code    22  stm32f4xx_hal_cortex.o(i.HAL_NVIC_EnableIRQ)
    HAL_NVIC_SetPriority                     0x08001179   Thumb Code    60  stm32f4xx_hal_cortex.o(i.HAL_NVIC_SetPriority)
    HAL_NVIC_SetPriorityGrouping             0x080011b9   Thumb Code    26  stm32f4xx_hal_cortex.o(i.HAL_NVIC_SetPriorityGrouping)
    HAL_RCCEx_PeriphCLKConfig                0x080011dd   Thumb Code   296  stm32f4xx_hal_rcc_ex.o(i.HAL_RCCEx_PeriphCLKConfig)
    HAL_RCC_ClockConfig                      0x08001319   Thumb Code   286  stm32f4xx_hal_rcc.o(i.HAL_RCC_ClockConfig)
    HAL_RCC_GetClockConfig                   0x08001449   Thumb Code    54  stm32f4xx_hal_rcc.o(i.HAL_RCC_GetClockConfig)
    HAL_RCC_GetHCLKFreq                      0x08001489   Thumb Code     6  stm32f4xx_hal_rcc.o(i.HAL_RCC_GetHCLKFreq)
    HAL_RCC_GetPCLK1Freq                     0x08001495   Thumb Code    20  stm32f4xx_hal_rcc.o(i.HAL_RCC_GetPCLK1Freq)
    HAL_RCC_GetPCLK2Freq                     0x080014b5   Thumb Code    20  stm32f4xx_hal_rcc.o(i.HAL_RCC_GetPCLK2Freq)
    HAL_RCC_GetSysClockFreq                  0x080014d5   Thumb Code    88  stm32f4xx_hal_rcc.o(i.HAL_RCC_GetSysClockFreq)
    HAL_RCC_MCOConfig                        0x08001535   Thumb Code   126  stm32f4xx_hal_rcc.o(i.HAL_RCC_MCOConfig)
    HAL_RCC_OscConfig                        0x080015c1   Thumb Code   770  stm32f4xx_hal_rcc.o(i.HAL_RCC_OscConfig)
    HAL_RTC_Init                             0x080018dd   Thumb Code   166  stm32f4xx_hal_rtc.o(i.HAL_RTC_Init)
    HAL_RTC_MspInit                          0x08001989   Thumb Code    16  rtc.o(i.HAL_RTC_MspInit)
    HAL_RTC_SetDate                          0x080019a1   Thumb Code   194  stm32f4xx_hal_rtc.o(i.HAL_RTC_SetDate)
    HAL_RTC_SetTime                          0x08001a69   Thumb Code   236  stm32f4xx_hal_rtc.o(i.HAL_RTC_SetTime)
    HAL_RTC_WaitForSynchro                   0x08001b59   Thumb Code    54  stm32f4xx_hal_rtc.o(i.HAL_RTC_WaitForSynchro)
    HAL_SD_ConfigWideBusOperation            0x08001b8f   Thumb Code   120  stm32f4xx_hal_sd.o(i.HAL_SD_ConfigWideBusOperation)
    HAL_SD_ErrorCallback                     0x08001c07   Thumb Code     2  stm32f4xx_hal_sd.o(i.HAL_SD_ErrorCallback)
    HAL_SD_GetCardCSD                        0x08001c09   Thumb Code   474  stm32f4xx_hal_sd.o(i.HAL_SD_GetCardCSD)
    HAL_SD_GetCardInfo                       0x08001de3   Thumb Code    36  stm32f4xx_hal_sd.o(i.HAL_SD_GetCardInfo)
    HAL_SD_GetCardState                      0x08001e07   Thumb Code    44  stm32f4xx_hal_sd.o(i.HAL_SD_GetCardState)
    HAL_SD_Init                              0x08001e33   Thumb Code    54  stm32f4xx_hal_sd.o(i.HAL_SD_Init)
    HAL_SD_InitCard                          0x08001e69   Thumb Code    80  stm32f4xx_hal_sd.o(i.HAL_SD_InitCard)
    HAL_SD_MspInit                           0x08001ebd   Thumb Code    84  sdio.o(i.HAL_SD_MspInit)
    HAL_SD_ReadBlocks_DMA                    0x08001f21   Thumb Code   230  stm32f4xx_hal_sd.o(i.HAL_SD_ReadBlocks_DMA)
    HAL_SD_RxCpltCallback                    0x08002015   Thumb Code     8  bsp_driver_sd.o(i.HAL_SD_RxCpltCallback)
    HAL_SD_WriteBlocks_DMA                   0x0800201d   Thumb Code   232  stm32f4xx_hal_sd.o(i.HAL_SD_WriteBlocks_DMA)
    HAL_SPI_Init                             0x08002111   Thumb Code   128  stm32f4xx_hal_spi.o(i.HAL_SPI_Init)
    HAL_SPI_MspInit                          0x08002191   Thumb Code   142  spi.o(i.HAL_SPI_MspInit)
    HAL_SYSTICK_CLKSourceConfig              0x08002239   Thumb Code    24  stm32f4xx_hal_cortex.o(i.HAL_SYSTICK_CLKSourceConfig)
    HAL_SYSTICK_Config                       0x08002251   Thumb Code    40  stm32f4xx_hal_cortex.o(i.HAL_SYSTICK_Config)
    HAL_TIMEx_BreakCallback                  0x08002279   Thumb Code     2  stm32f4xx_hal_tim_ex.o(i.HAL_TIMEx_BreakCallback)
    HAL_TIMEx_CommutationCallback            0x0800227b   Thumb Code     2  stm32f4xx_hal_tim_ex.o(i.HAL_TIMEx_CommutationCallback)
    HAL_TIM_Base_Init                        0x0800227d   Thumb Code    54  stm32f4xx_hal_tim.o(i.HAL_TIM_Base_Init)
    HAL_TIM_Base_MspInit                     0x080022b3   Thumb Code     2  stm32f4xx_hal_tim.o(i.HAL_TIM_Base_MspInit)
    HAL_TIM_Base_Start_IT                    0x080022b5   Thumb Code    24  stm32f4xx_hal_tim.o(i.HAL_TIM_Base_Start_IT)
    HAL_TIM_IC_CaptureCallback               0x080022cd   Thumb Code     2  stm32f4xx_hal_tim.o(i.HAL_TIM_IC_CaptureCallback)
    HAL_TIM_IRQHandler                       0x080022cf   Thumb Code   358  stm32f4xx_hal_tim.o(i.HAL_TIM_IRQHandler)
    HAL_TIM_OC_DelayElapsedCallback          0x08002435   Thumb Code     2  stm32f4xx_hal_tim.o(i.HAL_TIM_OC_DelayElapsedCallback)
    HAL_TIM_PWM_PulseFinishedCallback        0x08002437   Thumb Code     2  stm32f4xx_hal_tim.o(i.HAL_TIM_PWM_PulseFinishedCallback)
    HAL_TIM_PeriodElapsedCallback            0x08002439   Thumb Code    14  main.o(i.HAL_TIM_PeriodElapsedCallback)
    HAL_TIM_TriggerCallback                  0x08002447   Thumb Code     2  stm32f4xx_hal_tim.o(i.HAL_TIM_TriggerCallback)
    HAL_UART_ErrorCallback                   0x08002449   Thumb Code     2  stm32f4xx_hal_uart.o(i.HAL_UART_ErrorCallback)
    HAL_UART_IRQHandler                      0x0800244d   Thumb Code   266  stm32f4xx_hal_uart.o(i.HAL_UART_IRQHandler)
    HAL_UART_Init                            0x0800255d   Thumb Code    98  stm32f4xx_hal_uart.o(i.HAL_UART_Init)
    HAL_UART_MspInit                         0x080025c1   Thumb Code   416  usart.o(i.HAL_UART_MspInit)
    HAL_UART_RxCpltCallback                  0x08002795   Thumb Code     2  stm32f4xx_hal_uart.o(i.HAL_UART_RxCpltCallback)
    HAL_UART_TxCpltCallback                  0x08002797   Thumb Code     2  stm32f4xx_hal_uart.o(i.HAL_UART_TxCpltCallback)
    HardFault_Handler                        0x08002799   Thumb Code     2  stm32f4xx_it.o(i.HardFault_Handler)
    MX_ADC1_Init                             0x0800279d   Thumb Code    84  adc.o(i.MX_ADC1_Init)
    MX_CRC_Init                              0x0800280d   Thumb Code    32  crc.o(i.MX_CRC_Init)
    MX_DCMI_Init                             0x08002845   Thumb Code    46  dcmi.o(i.MX_DCMI_Init)
    MX_DMA_Init                              0x0800288d   Thumb Code    72  dma.o(i.MX_DMA_Init)
    MX_FATFS_Init                            0x080028d9   Thumb Code    28  fatfs.o(i.MX_FATFS_Init)
    MX_FREERTOS_Init                         0x08002901   Thumb Code    30  freertos.o(i.MX_FREERTOS_Init)
    MX_GPIO_Init                             0x08002929   Thumb Code   182  gpio.o(i.MX_GPIO_Init)
    MX_I2C1_Init                             0x080029f1   Thumb Code    54  i2c.o(i.MX_I2C1_Init)
    MX_I2C2_Init                             0x08002a45   Thumb Code    54  i2c.o(i.MX_I2C2_Init)
    MX_LIBJPEG_Init                          0x08002a99   Thumb Code     2  libjpeg.o(i.MX_LIBJPEG_Init)
    MX_RTC_Init                              0x08002a9d   Thumb Code   126  rtc.o(i.MX_RTC_Init)
    MX_SDIO_SD_Init                          0x08002b35   Thumb Code    22  sdio.o(i.MX_SDIO_SD_Init)
    MX_SPI1_Init                             0x08002b55   Thumb Code    64  spi.o(i.MX_SPI1_Init)
    MX_SPI2_Init                             0x08002bad   Thumb Code    64  spi.o(i.MX_SPI2_Init)
    MX_UART4_Init                            0x08002c05   Thumb Code    52  usart.o(i.MX_UART4_Init)
    MX_USART1_UART_Init                      0x08002c51   Thumb Code    52  usart.o(i.MX_USART1_UART_Init)
    MX_USART2_UART_Init                      0x08002c9d   Thumb Code    52  usart.o(i.MX_USART2_UART_Init)
    MX_USART3_UART_Init                      0x08002ce9   Thumb Code    52  usart.o(i.MX_USART3_UART_Init)
    MemManage_Handler                        0x08002d35   Thumb Code     2  stm32f4xx_it.o(i.MemManage_Handler)
    NMI_Handler                              0x08002d37   Thumb Code     2  stm32f4xx_it.o(i.NMI_Handler)
    RTC_Bcd2ToByte                           0x08002d59   Thumb Code    18  stm32f4xx_hal_rtc.o(i.RTC_Bcd2ToByte)
    RTC_ByteToBcd2                           0x08002d6b   Thumb Code    22  stm32f4xx_hal_rtc.o(i.RTC_ByteToBcd2)
    RTC_EnterInitMode                        0x08002d81   Thumb Code    58  stm32f4xx_hal_rtc.o(i.RTC_EnterInitMode)
    SDIO_ConfigData                          0x08002dbb   Thumb Code    36  stm32f4xx_ll_sdmmc.o(i.SDIO_ConfigData)
    SDIO_GetPowerState                       0x08002ddf   Thumb Code     8  stm32f4xx_ll_sdmmc.o(i.SDIO_GetPowerState)
    SDIO_GetResponse                         0x08002de7   Thumb Code    12  stm32f4xx_ll_sdmmc.o(i.SDIO_GetResponse)
    SDIO_Init                                0x08002df3   Thumb Code    36  stm32f4xx_ll_sdmmc.o(i.SDIO_Init)
    SDIO_PowerState_ON                       0x08002e17   Thumb Code     8  stm32f4xx_ll_sdmmc.o(i.SDIO_PowerState_ON)
    SDIO_ReadFIFO                            0x08002e1f   Thumb Code     6  stm32f4xx_ll_sdmmc.o(i.SDIO_ReadFIFO)
    SDIO_SendCommand                         0x08002e25   Thumb Code    32  stm32f4xx_ll_sdmmc.o(i.SDIO_SendCommand)
    SDMMC_CmdAppCommand                      0x08002e45   Thumb Code    50  stm32f4xx_ll_sdmmc.o(i.SDMMC_CmdAppCommand)
    SDMMC_CmdAppOperCommand                  0x08002e79   Thumb Code    48  stm32f4xx_ll_sdmmc.o(i.SDMMC_CmdAppOperCommand)
    SDMMC_CmdBlockLength                     0x08002ead   Thumb Code    50  stm32f4xx_ll_sdmmc.o(i.SDMMC_CmdBlockLength)
    SDMMC_CmdBusWidth                        0x08002edf   Thumb Code    50  stm32f4xx_ll_sdmmc.o(i.SDMMC_CmdBusWidth)
    SDMMC_CmdGoIdleState                     0x08002f11   Thumb Code    76  stm32f4xx_ll_sdmmc.o(i.SDMMC_CmdGoIdleState)
    SDMMC_CmdOperCond                        0x08002f61   Thumb Code    98  stm32f4xx_ll_sdmmc.o(i.SDMMC_CmdOperCond)
    SDMMC_CmdReadMultiBlock                  0x08002fc9   Thumb Code    50  stm32f4xx_ll_sdmmc.o(i.SDMMC_CmdReadMultiBlock)
    SDMMC_CmdReadSingleBlock                 0x08002ffb   Thumb Code    50  stm32f4xx_ll_sdmmc.o(i.SDMMC_CmdReadSingleBlock)
    SDMMC_CmdSelDesel                        0x0800302d   Thumb Code    50  stm32f4xx_ll_sdmmc.o(i.SDMMC_CmdSelDesel)
    SDMMC_CmdSendCID                         0x0800305f   Thumb Code    44  stm32f4xx_ll_sdmmc.o(i.SDMMC_CmdSendCID)
    SDMMC_CmdSendCSD                         0x0800308b   Thumb Code    44  stm32f4xx_ll_sdmmc.o(i.SDMMC_CmdSendCSD)
    SDMMC_CmdSendSCR                         0x080030b7   Thumb Code    48  stm32f4xx_ll_sdmmc.o(i.SDMMC_CmdSendSCR)
    SDMMC_CmdSendStatus                      0x080030e7   Thumb Code    50  stm32f4xx_ll_sdmmc.o(i.SDMMC_CmdSendStatus)
    SDMMC_CmdSetRelAdd                       0x08003119   Thumb Code    48  stm32f4xx_ll_sdmmc.o(i.SDMMC_CmdSetRelAdd)
    SDMMC_CmdStopTransfer                    0x08003149   Thumb Code    46  stm32f4xx_ll_sdmmc.o(i.SDMMC_CmdStopTransfer)
    SDMMC_CmdWriteMultiBlock                 0x0800317d   Thumb Code    50  stm32f4xx_ll_sdmmc.o(i.SDMMC_CmdWriteMultiBlock)
    SDMMC_CmdWriteSingleBlock                0x080031af   Thumb Code    50  stm32f4xx_ll_sdmmc.o(i.SDMMC_CmdWriteSingleBlock)
    SD_initialize                            0x080037cd   Thumb Code    60  sd_diskio.o(i.SD_initialize)
    SD_ioctl                                 0x08003811   Thumb Code    76  sd_diskio.o(i.SD_ioctl)
    SD_read                                  0x08003861   Thumb Code    78  sd_diskio.o(i.SD_read)
    SD_status                                0x080038b5   Thumb Code     4  sd_diskio.o(i.SD_status)
    SD_write                                 0x080038b9   Thumb Code    78  sd_diskio.o(i.SD_write)
    StartDefaultTask                         0x0800390d   Thumb Code    16  freertos.o(i.StartDefaultTask)
    SysTick_Handler                          0x0800391d   Thumb Code     4  stm32f4xx_it.o(i.SysTick_Handler)
    SystemClock_Config                       0x08003921   Thumb Code   186  main.o(i.SystemClock_Config)
    SystemInit                               0x080039e5   Thumb Code    66  system_stm32f4xx.o(i.SystemInit)
    TIM2_IRQHandler                          0x08003a39   Thumb Code     6  stm32f4xx_it.o(i.TIM2_IRQHandler)
    TIM_Base_SetConfig                       0x08003a45   Thumb Code   148  stm32f4xx_hal_tim.o(i.TIM_Base_SetConfig)
    UART4_IRQHandler                         0x08003b05   Thumb Code     6  stm32f4xx_it.o(i.UART4_IRQHandler)
    USART1_IRQHandler                        0x08003ed9   Thumb Code     6  stm32f4xx_it.o(i.USART1_IRQHandler)
    USART2_IRQHandler                        0x08003ee5   Thumb Code     6  stm32f4xx_it.o(i.USART2_IRQHandler)
    USART3_IRQHandler                        0x08003ef1   Thumb Code     6  stm32f4xx_it.o(i.USART3_IRQHandler)
    USER_initialize                          0x08003efd   Thumb Code    10  user_diskio.o(i.USER_initialize)
    USER_ioctl                               0x08003f0d   Thumb Code     4  user_diskio.o(i.USER_ioctl)
    USER_read                                0x08003f11   Thumb Code     4  user_diskio.o(i.USER_read)
    USER_status                              0x08003f15   Thumb Code    10  user_diskio.o(i.USER_status)
    USER_write                               0x08003f25   Thumb Code     4  user_diskio.o(i.USER_write)
    UsageFault_Handler                       0x08003f29   Thumb Code     2  stm32f4xx_it.o(i.UsageFault_Handler)
    _Error_Handler                           0x08003f2b   Thumb Code     2  main.o(i._Error_Handler)
    __scatterload_copy                       0x08003f2d   Thumb Code    14  handlers.o(i.__scatterload_copy)
    __scatterload_null                       0x08003f3b   Thumb Code     2  handlers.o(i.__scatterload_null)
    __scatterload_zeroinit                   0x08003f3d   Thumb Code    14  handlers.o(i.__scatterload_zeroinit)
    main                                     0x08003f57   Thumb Code    78  main.o(i.main)
    osDelay                                  0x08003fb1   Thumb Code    14  cmsis_os.o(i.osDelay)
    osKernelRunning                          0x08003fbf   Thumb Code    18  cmsis_os.o(i.osKernelRunning)
    osKernelStart                            0x08003fd1   Thumb Code    10  cmsis_os.o(i.osKernelStart)
    osKernelSysTick                          0x08003fdb   Thumb Code    24  cmsis_os.o(i.osKernelSysTick)
    osMessageCreate                          0x08003ff3   Thumb Code     8  cmsis_os.o(i.osMessageCreate)
    osMessageGet                             0x08003ffd   Thumb Code   146  cmsis_os.o(i.osMessageGet)
    osMessagePut                             0x08004095   Thumb Code    86  cmsis_os.o(i.osMessagePut)
    osSystickHandler                         0x080040f1   Thumb Code    20  cmsis_os.o(i.osSystickHandler)
    osThreadCreate                           0x08004105   Thumb Code    46  cmsis_os.o(i.osThreadCreate)
    pvPortMalloc                             0x0800458d   Thumb Code   210  heap_4.o(i.pvPortMalloc)
    pvTaskIncrementMutexHeldCount            0x08004665   Thumb Code    18  tasks.o(i.pvTaskIncrementMutexHeldCount)
    pxPortInitialiseStack                    0x0800467d   Thumb Code    40  port.o(i.pxPortInitialiseStack)
    uxListRemove                             0x080046a9   Thumb Code    36  list.o(i.uxListRemove)
    vListInitialise                          0x080046cd   Thumb Code    22  list.o(i.vListInitialise)
    vListInitialiseItem                      0x080046e3   Thumb Code     6  list.o(i.vListInitialiseItem)
    vListInsert                              0x080046e9   Thumb Code    48  list.o(i.vListInsert)
    vListInsertEnd                           0x08004719   Thumb Code    24  list.o(i.vListInsertEnd)
    vPortEnterCritical                       0x08004731   Thumb Code    54  port.o(i.vPortEnterCritical)
    vPortExitCritical                        0x08004771   Thumb Code    34  port.o(i.vPortExitCritical)
    vPortFree                                0x08004799   Thumb Code    88  heap_4.o(i.vPortFree)
    vPortSetupTimerInterrupt                 0x080047f5   Thumb Code    26  port.o(i.vPortSetupTimerInterrupt)
    vPortValidateInterruptPriority           0x08004815   Thumb Code    74  port.o(i.vPortValidateInterruptPriority)
    vTaskDelay                               0x08004869   Thumb Code    66  tasks.o(i.vTaskDelay)
    vTaskMissedYield                         0x080048b5   Thumb Code     8  tasks.o(i.vTaskMissedYield)
    vTaskPlaceOnEventList                    0x080048c1   Thumb Code    44  tasks.o(i.vTaskPlaceOnEventList)
    vTaskPriorityInherit                     0x080048f1   Thumb Code   124  tasks.o(i.vTaskPriorityInherit)
    vTaskSetTimeOutState                     0x08004975   Thumb Code    30  tasks.o(i.vTaskSetTimeOutState)
    vTaskStartScheduler                      0x08004999   Thumb Code    86  tasks.o(i.vTaskStartScheduler)
    vTaskSuspendAll                          0x08004a01   Thumb Code    10  tasks.o(i.vTaskSuspendAll)
    vTaskSwitchContext                       0x08004a11   Thumb Code    82  tasks.o(i.vTaskSwitchContext)
    xPortStartScheduler                      0x08004a6d   Thumb Code   202  port.o(i.xPortStartScheduler)
    xPortSysTickHandler                      0x08004b4d   Thumb Code    38  port.o(i.xPortSysTickHandler)
    xQueueGenericCreate                      0x08004b79   Thumb Code    72  queue.o(i.xQueueGenericCreate)
    xQueueGenericReceive                     0x08004bc1   Thumb Code   360  queue.o(i.xQueueGenericReceive)
    xQueueGenericReset                       0x08004d2d   Thumb Code   132  queue.o(i.xQueueGenericReset)
    xQueueGenericSend                        0x08004db5   Thumb Code   346  queue.o(i.xQueueGenericSend)
    xQueueGenericSendFromISR                 0x08004f15   Thumb Code   188  queue.o(i.xQueueGenericSendFromISR)
    xQueueReceiveFromISR                     0x08004fd1   Thumb Code   154  queue.o(i.xQueueReceiveFromISR)
    xTaskCheckForTimeOut                     0x0800506d   Thumb Code   102  tasks.o(i.xTaskCheckForTimeOut)
    xTaskCreate                              0x080050d9   Thumb Code    86  tasks.o(i.xTaskCreate)
    xTaskGetSchedulerState                   0x08005131   Thumb Code    22  tasks.o(i.xTaskGetSchedulerState)
    xTaskGetTickCount                        0x0800514d   Thumb Code     6  tasks.o(i.xTaskGetTickCount)
    xTaskGetTickCountFromISR                 0x08005159   Thumb Code    12  tasks.o(i.xTaskGetTickCountFromISR)
    xTaskIncrementTick                       0x08005169   Thumb Code   192  tasks.o(i.xTaskIncrementTick)
    xTaskPriorityDisinherit                  0x08005231   Thumb Code   144  tasks.o(i.xTaskPriorityDisinherit)
    xTaskRemoveFromEventList                 0x080052c9   Thumb Code   108  tasks.o(i.xTaskRemoveFromEventList)
    xTaskResumeAll                           0x0800533d   Thumb Code   182  tasks.o(i.xTaskResumeAll)
    SD_Driver                                0x08005400   Data          20  sd_diskio.o(.constdata)
    AHBPrescTable                            0x08005438   Data          16  system_stm32f4xx.o(.constdata)
    APBPrescTable                            0x08005448   Data           8  system_stm32f4xx.o(.constdata)
    Region$$Table$$Base                      0x0800545c   Number         0  anon$$obj.o(Region$$Table)
    Region$$Table$$Limit                     0x0800547c   Number         0  anon$$obj.o(Region$$Table)
    hcrc                                     0x20000000   Data           8  crc.o(.data)
    retSD                                    0x20000010   Data           1  fatfs.o(.data)
    retUSER                                  0x20000011   Data           1  fatfs.o(.data)
    SDPath                                   0x20000012   Data           4  fatfs.o(.data)
    USERPath                                 0x20000016   Data           4  fatfs.o(.data)
    USER_Driver                              0x2000001c   Data          20  user_diskio.o(.data)
    defaultTaskHandle                        0x20000030   Data           4  freertos.o(.data)
    uwTickFreq                               0x20000034   Data           1  stm32f4xx_hal.o(.data)
    uwTickPrio                               0x20000038   Data           4  stm32f4xx_hal.o(.data)
    uwTick                                   0x2000003c   Data           4  stm32f4xx_hal.o(.data)
    SystemCoreClock                          0x20000040   Data           4  system_stm32f4xx.o(.data)
    pxCurrentTCB                             0x20000068   Data           4  tasks.o(.data)
    hadc1                                    0x200000a4   Data          72  adc.o(.bss)
    hdcmi                                    0x200000ec   Data          64  dcmi.o(.bss)
    hi2c1                                    0x2000012c   Data          84  i2c.o(.bss)
    hi2c2                                    0x20000180   Data          84  i2c.o(.bss)
    hrtc                                     0x200001d4   Data          32  rtc.o(.bss)
    hsd                                      0x200001f4   Data         132  sdio.o(.bss)
    hspi1                                    0x20000278   Data          88  spi.o(.bss)
    hspi2                                    0x200002d0   Data          88  spi.o(.bss)
    huart4                                   0x20000328   Data          64  usart.o(.bss)
    huart1                                   0x20000368   Data          64  usart.o(.bss)
    huart2                                   0x200003a8   Data          64  usart.o(.bss)
    huart3                                   0x200003e8   Data          64  usart.o(.bss)
    hdma_uart4_rx                            0x20000428   Data          96  usart.o(.bss)
    hdma_usart2_rx                           0x20000488   Data          96  usart.o(.bss)
    hdma_usart3_rx                           0x200004e8   Data          96  usart.o(.bss)
    htim2                                    0x20000548   Data          60  stm32f4xx_hal_timebase_tim.o(.bss)
    disk                                     0x20000584   Data          16  ff_gen_drv.o(.bss)
    __initial_sp                             0x20004688   Data           0  startup_stm32f407xx.o(STACK)



==============================================================================

Memory Map of the image

  Image Entry point : 0x08000189

  Load Region LR_IROM1 (Base: 0x08000000, Size: 0x00005520, Max: 0x00100000, ABSOLUTE)

    Execution Region ER_IROM1 (Exec base: 0x08000000, Load base: 0x08000000, Size: 0x0000547c, Max: 0x00100000, ABSOLUTE)

    Exec Addr    Load Addr    Size         Type   Attr      Idx    E Section Name        Object

    0x08000000   0x08000000   0x00000188   Data   RO            3    RESET               startup_stm32f407xx.o
    0x08000188   0x08000188   0x00000000   Code   RO        10432  * .ARM.Collect$$$$00000000  mc_w.l(entry.o)
    0x08000188   0x08000188   0x00000004   Code   RO        10740    .ARM.Collect$$$$00000001  mc_w.l(entry2.o)
    0x0800018c   0x0800018c   0x00000004   Code   RO        10743    .ARM.Collect$$$$00000004  mc_w.l(entry5.o)
    0x08000190   0x08000190   0x00000000   Code   RO        10745    .ARM.Collect$$$$00000008  mc_w.l(entry7b.o)
    0x08000190   0x08000190   0x00000000   Code   RO        10747    .ARM.Collect$$$$0000000A  mc_w.l(entry8b.o)
    0x08000190   0x08000190   0x00000008   Code   RO        10748    .ARM.Collect$$$$0000000B  mc_w.l(entry9a.o)
    0x08000198   0x08000198   0x00000000   Code   RO        10750    .ARM.Collect$$$$0000000D  mc_w.l(entry10a.o)
    0x08000198   0x08000198   0x00000000   Code   RO        10752    .ARM.Collect$$$$0000000F  mc_w.l(entry11a.o)
    0x08000198   0x08000198   0x00000004   Code   RO        10741    .ARM.Collect$$$$00002712  mc_w.l(entry2.o)
    0x0800019c   0x0800019c   0x000000ba   Code   RO         6318    .emb_text           port.o
    0x08000256   0x08000256   0x00000002   PAD
    0x08000258   0x08000258   0x00000024   Code   RO            4    .text               startup_stm32f407xx.o
    0x0800027c   0x0800027c   0x00000062   Code   RO        10435    .text               mc_w.l(uldiv.o)
    0x080002de   0x080002de   0x00000024   Code   RO        10437    .text               mc_w.l(memcpya.o)
    0x08000302   0x08000302   0x0000001e   Code   RO        10759    .text               mc_w.l(llshl.o)
    0x08000320   0x08000320   0x00000020   Code   RO        10761    .text               mc_w.l(llushr.o)
    0x08000340   0x08000340   0x00000024   Code   RO        10776    .text               mc_w.l(init.o)
    0x08000364   0x08000364   0x00000124   Code   RO         1381    i.ADC_Init          stm32f4xx_hal_adc.o
    0x08000488   0x08000488   0x00000018   Code   RO          756    i.BSP_PlatformIsDetected  fatfs_platform.o
    0x080004a0   0x080004a0   0x0000000c   Code   RO          499    i.BSP_SD_GetCardInfo  bsp_driver_sd.o
    0x080004ac   0x080004ac   0x00000018   Code   RO          500    i.BSP_SD_GetCardState  bsp_driver_sd.o
    0x080004c4   0x080004c4   0x00000030   Code   RO          503    i.BSP_SD_Init       bsp_driver_sd.o
    0x080004f4   0x080004f4   0x0000001a   Code   RO          504    i.BSP_SD_IsDetected  bsp_driver_sd.o
    0x0800050e   0x0800050e   0x00000002   PAD
    0x08000510   0x08000510   0x0000001c   Code   RO          506    i.BSP_SD_ReadBlocks_DMA  bsp_driver_sd.o
    0x0800052c   0x0800052c   0x00000014   Code   RO          637    i.BSP_SD_ReadCpltCallback  sd_diskio.o
    0x08000540   0x08000540   0x0000001c   Code   RO          509    i.BSP_SD_WriteBlocks_DMA  bsp_driver_sd.o
    0x0800055c   0x0800055c   0x00000002   Code   RO         1202    i.BusFault_Handler  stm32f4xx_it.o
    0x0800055e   0x0800055e   0x00000002   PAD
    0x08000560   0x08000560   0x0000000c   Code   RO         1203    i.DMA1_Stream1_IRQHandler  stm32f4xx_it.o
    0x0800056c   0x0800056c   0x0000000c   Code   RO         1204    i.DMA1_Stream2_IRQHandler  stm32f4xx_it.o
    0x08000578   0x08000578   0x0000000c   Code   RO         1205    i.DMA1_Stream5_IRQHandler  stm32f4xx_it.o
    0x08000584   0x08000584   0x00000028   Code   RO         5125    i.DMA_CalcBaseAndBitshift  stm32f4xx_hal_dma.o
    0x080005ac   0x080005ac   0x00000054   Code   RO         5126    i.DMA_CheckFifoParam  stm32f4xx_hal_dma.o
    0x08000600   0x08000600   0x00000028   Code   RO         5127    i.DMA_SetConfig     stm32f4xx_hal_dma.o
    0x08000628   0x08000628   0x00000002   Code   RO         1206    i.DebugMon_Handler  stm32f4xx_it.o
    0x0800062a   0x0800062a   0x00000006   Code   RO         6201    i.FATFS_LinkDriver  ff_gen_drv.o
    0x08000630   0x08000630   0x00000040   Code   RO         6202    i.FATFS_LinkDriverEx  ff_gen_drv.o
    0x08000670   0x08000670   0x0000014c   Code   RO         1383    i.HAL_ADC_ConfigChannel  stm32f4xx_hal_adc.o
    0x080007bc   0x080007bc   0x00000054   Code   RO         1392    i.HAL_ADC_Init      stm32f4xx_hal_adc.o
    0x08000810   0x08000810   0x00000044   Code   RO          344    i.HAL_ADC_MspInit   adc.o
    0x08000854   0x08000854   0x00000026   Code   RO         1657    i.HAL_CRC_Init      stm32f4xx_hal_crc.o
    0x0800087a   0x0800087a   0x00000002   PAD
    0x0800087c   0x0800087c   0x00000028   Code   RO          386    i.HAL_CRC_MspInit   crc.o
    0x080008a4   0x080008a4   0x00000076   Code   RO         1849    i.HAL_DCMI_Init     stm32f4xx_hal_dcmi_ex.o
    0x0800091a   0x0800091a   0x00000002   PAD
    0x0800091c   0x0800091c   0x00000090   Code   RO          428    i.HAL_DCMI_MspInit  dcmi.o
    0x080009ac   0x080009ac   0x00000024   Code   RO         5129    i.HAL_DMA_Abort_IT  stm32f4xx_hal_dma.o
    0x080009d0   0x080009d0   0x000001a0   Code   RO         5133    i.HAL_DMA_IRQHandler  stm32f4xx_hal_dma.o
    0x08000b70   0x08000b70   0x000000d4   Code   RO         5134    i.HAL_DMA_Init      stm32f4xx_hal_dma.o
    0x08000c44   0x08000c44   0x00000078   Code   RO         5138    i.HAL_DMA_Start_IT  stm32f4xx_hal_dma.o
    0x08000cbc   0x08000cbc   0x00000024   Code   RO         5547    i.HAL_Delay         stm32f4xx_hal.o
    0x08000ce0   0x08000ce0   0x000001b0   Code   RO         5021    i.HAL_GPIO_Init     stm32f4xx_hal_gpio.o
    0x08000e90   0x08000e90   0x0000000a   Code   RO         5023    i.HAL_GPIO_ReadPin  stm32f4xx_hal_gpio.o
    0x08000e9a   0x08000e9a   0x0000000a   Code   RO         5025    i.HAL_GPIO_WritePin  stm32f4xx_hal_gpio.o
    0x08000ea4   0x08000ea4   0x0000000c   Code   RO         5553    i.HAL_GetTick       stm32f4xx_hal.o
    0x08000eb0   0x08000eb0   0x00000108   Code   RO         1884    i.HAL_I2C_Init      stm32f4xx_hal_i2c.o
    0x08000fb8   0x08000fb8   0x0000006c   Code   RO          902    i.HAL_I2C_MspInit   i2c.o
    0x08001024   0x08001024   0x00000010   Code   RO         5557    i.HAL_IncTick       stm32f4xx_hal.o
    0x08001034   0x08001034   0x00000034   Code   RO         5558    i.HAL_Init          stm32f4xx_hal.o
    0x08001068   0x08001068   0x00000074   Code   RO         1338    i.HAL_InitTick      stm32f4xx_hal_timebase_tim.o
    0x080010dc   0x080010dc   0x00000084   Code   RO         1314    i.HAL_MspInit       stm32f4xx_hal_msp.o
    0x08001160   0x08001160   0x00000016   Code   RO         5410    i.HAL_NVIC_EnableIRQ  stm32f4xx_hal_cortex.o
    0x08001176   0x08001176   0x00000002   PAD
    0x08001178   0x08001178   0x00000040   Code   RO         5416    i.HAL_NVIC_SetPriority  stm32f4xx_hal_cortex.o
    0x080011b8   0x080011b8   0x00000024   Code   RO         5417    i.HAL_NVIC_SetPriorityGrouping  stm32f4xx_hal_cortex.o
    0x080011dc   0x080011dc   0x0000013c   Code   RO         4772    i.HAL_RCCEx_PeriphCLKConfig  stm32f4xx_hal_rcc_ex.o
    0x08001318   0x08001318   0x00000130   Code   RO         4667    i.HAL_RCC_ClockConfig  stm32f4xx_hal_rcc.o
    0x08001448   0x08001448   0x00000040   Code   RO         4671    i.HAL_RCC_GetClockConfig  stm32f4xx_hal_rcc.o
    0x08001488   0x08001488   0x0000000c   Code   RO         4672    i.HAL_RCC_GetHCLKFreq  stm32f4xx_hal_rcc.o
    0x08001494   0x08001494   0x00000020   Code   RO         4674    i.HAL_RCC_GetPCLK1Freq  stm32f4xx_hal_rcc.o
    0x080014b4   0x080014b4   0x00000020   Code   RO         4675    i.HAL_RCC_GetPCLK2Freq  stm32f4xx_hal_rcc.o
    0x080014d4   0x080014d4   0x00000060   Code   RO         4676    i.HAL_RCC_GetSysClockFreq  stm32f4xx_hal_rcc.o
    0x08001534   0x08001534   0x0000008c   Code   RO         4677    i.HAL_RCC_MCOConfig  stm32f4xx_hal_rcc.o
    0x080015c0   0x080015c0   0x0000031c   Code   RO         4679    i.HAL_RCC_OscConfig  stm32f4xx_hal_rcc.o
    0x080018dc   0x080018dc   0x000000ac   Code   RO         2297    i.HAL_RTC_Init      stm32f4xx_hal_rtc.o
    0x08001988   0x08001988   0x00000018   Code   RO         1011    i.HAL_RTC_MspInit   rtc.o
    0x080019a0   0x080019a0   0x000000c8   Code   RO         2303    i.HAL_RTC_SetDate   stm32f4xx_hal_rtc.o
    0x08001a68   0x08001a68   0x000000f0   Code   RO         2304    i.HAL_RTC_SetTime   stm32f4xx_hal_rtc.o
    0x08001b58   0x08001b58   0x00000036   Code   RO         2305    i.HAL_RTC_WaitForSynchro  stm32f4xx_hal_rtc.o
    0x08001b8e   0x08001b8e   0x00000078   Code   RO         2921    i.HAL_SD_ConfigWideBusOperation  stm32f4xx_hal_sd.o
    0x08001c06   0x08001c06   0x00000002   Code   RO         2924    i.HAL_SD_ErrorCallback  stm32f4xx_hal_sd.o
    0x08001c08   0x08001c08   0x000001da   Code   RO         2926    i.HAL_SD_GetCardCSD  stm32f4xx_hal_sd.o
    0x08001de2   0x08001de2   0x00000024   Code   RO         2927    i.HAL_SD_GetCardInfo  stm32f4xx_hal_sd.o
    0x08001e06   0x08001e06   0x0000002c   Code   RO         2928    i.HAL_SD_GetCardState  stm32f4xx_hal_sd.o
    0x08001e32   0x08001e32   0x00000036   Code   RO         2933    i.HAL_SD_Init       stm32f4xx_hal_sd.o
    0x08001e68   0x08001e68   0x00000054   Code   RO         2934    i.HAL_SD_InitCard   stm32f4xx_hal_sd.o
    0x08001ebc   0x08001ebc   0x00000064   Code   RO         1053    i.HAL_SD_MspInit    sdio.o
    0x08001f20   0x08001f20   0x000000f4   Code   RO         2938    i.HAL_SD_ReadBlocks_DMA  stm32f4xx_hal_sd.o
    0x08002014   0x08002014   0x00000008   Code   RO          512    i.HAL_SD_RxCpltCallback  bsp_driver_sd.o
    0x0800201c   0x0800201c   0x000000f4   Code   RO         2943    i.HAL_SD_WriteBlocks_DMA  stm32f4xx_hal_sd.o
    0x08002110   0x08002110   0x00000080   Code   RO         3164    i.HAL_SPI_Init      stm32f4xx_hal_spi.o
    0x08002190   0x08002190   0x000000a8   Code   RO         1095    i.HAL_SPI_MspInit   spi.o
    0x08002238   0x08002238   0x00000018   Code   RO         5419    i.HAL_SYSTICK_CLKSourceConfig  stm32f4xx_hal_cortex.o
    0x08002250   0x08002250   0x00000028   Code   RO         5421    i.HAL_SYSTICK_Config  stm32f4xx_hal_cortex.o
    0x08002278   0x08002278   0x00000002   Code   RO         4101    i.HAL_TIMEx_BreakCallback  stm32f4xx_hal_tim_ex.o
    0x0800227a   0x0800227a   0x00000002   Code   RO         4102    i.HAL_TIMEx_CommutationCallback  stm32f4xx_hal_tim_ex.o
    0x0800227c   0x0800227c   0x00000036   Code   RO         3472    i.HAL_TIM_Base_Init  stm32f4xx_hal_tim.o
    0x080022b2   0x080022b2   0x00000002   Code   RO         3474    i.HAL_TIM_Base_MspInit  stm32f4xx_hal_tim.o
    0x080022b4   0x080022b4   0x00000018   Code   RO         3477    i.HAL_TIM_Base_Start_IT  stm32f4xx_hal_tim.o
    0x080022cc   0x080022cc   0x00000002   Code   RO         3501    i.HAL_TIM_IC_CaptureCallback  stm32f4xx_hal_tim.o
    0x080022ce   0x080022ce   0x00000166   Code   RO         3514    i.HAL_TIM_IRQHandler  stm32f4xx_hal_tim.o
    0x08002434   0x08002434   0x00000002   Code   RO         3517    i.HAL_TIM_OC_DelayElapsedCallback  stm32f4xx_hal_tim.o
    0x08002436   0x08002436   0x00000002   Code   RO         3544    i.HAL_TIM_PWM_PulseFinishedCallback  stm32f4xx_hal_tim.o
    0x08002438   0x08002438   0x0000000e   Code   RO           13    i.HAL_TIM_PeriodElapsedCallback  main.o
    0x08002446   0x08002446   0x00000002   Code   RO         3555    i.HAL_TIM_TriggerCallback  stm32f4xx_hal_tim.o
    0x08002448   0x08002448   0x00000002   Code   RO         4361    i.HAL_UART_ErrorCallback  stm32f4xx_hal_uart.o
    0x0800244a   0x0800244a   0x00000002   PAD
    0x0800244c   0x0800244c   0x00000110   Code   RO         4364    i.HAL_UART_IRQHandler  stm32f4xx_hal_uart.o
    0x0800255c   0x0800255c   0x00000062   Code   RO         4365    i.HAL_UART_Init     stm32f4xx_hal_uart.o
    0x080025be   0x080025be   0x00000002   PAD
    0x080025c0   0x080025c0   0x000001d4   Code   RO         1143    i.HAL_UART_MspInit  usart.o
    0x08002794   0x08002794   0x00000002   Code   RO         4371    i.HAL_UART_RxCpltCallback  stm32f4xx_hal_uart.o
    0x08002796   0x08002796   0x00000002   Code   RO         4376    i.HAL_UART_TxCpltCallback  stm32f4xx_hal_uart.o
    0x08002798   0x08002798   0x00000002   Code   RO         1207    i.HardFault_Handler  stm32f4xx_it.o
    0x0800279a   0x0800279a   0x00000002   PAD
    0x0800279c   0x0800279c   0x00000070   Code   RO          345    i.MX_ADC1_Init      adc.o
    0x0800280c   0x0800280c   0x00000038   Code   RO          387    i.MX_CRC_Init       crc.o
    0x08002844   0x08002844   0x00000048   Code   RO          429    i.MX_DCMI_Init      dcmi.o
    0x0800288c   0x0800288c   0x0000004c   Code   RO          469    i.MX_DMA_Init       dma.o
    0x080028d8   0x080028d8   0x00000028   Code   RO          716    i.MX_FATFS_Init     fatfs.o
    0x08002900   0x08002900   0x00000028   Code   RO          848    i.MX_FREERTOS_Init  freertos.o
    0x08002928   0x08002928   0x000000c8   Code   RO          319    i.MX_GPIO_Init      gpio.o
    0x080029f0   0x080029f0   0x00000054   Code   RO          903    i.MX_I2C1_Init      i2c.o
    0x08002a44   0x08002a44   0x00000054   Code   RO          904    i.MX_I2C2_Init      i2c.o
    0x08002a98   0x08002a98   0x00000002   Code   RO          949    i.MX_LIBJPEG_Init   libjpeg.o
    0x08002a9a   0x08002a9a   0x00000002   PAD
    0x08002a9c   0x08002a9c   0x00000098   Code   RO         1012    i.MX_RTC_Init       rtc.o
    0x08002b34   0x08002b34   0x00000020   Code   RO         1054    i.MX_SDIO_SD_Init   sdio.o
    0x08002b54   0x08002b54   0x00000058   Code   RO         1096    i.MX_SPI1_Init      spi.o
    0x08002bac   0x08002bac   0x00000058   Code   RO         1097    i.MX_SPI2_Init      spi.o
    0x08002c04   0x08002c04   0x0000004c   Code   RO         1144    i.MX_UART4_Init     usart.o
    0x08002c50   0x08002c50   0x0000004c   Code   RO         1145    i.MX_USART1_UART_Init  usart.o
    0x08002c9c   0x08002c9c   0x0000004c   Code   RO         1146    i.MX_USART2_UART_Init  usart.o
    0x08002ce8   0x08002ce8   0x0000004c   Code   RO         1147    i.MX_USART3_UART_Init  usart.o
    0x08002d34   0x08002d34   0x00000002   Code   RO         1208    i.MemManage_Handler  stm32f4xx_it.o
    0x08002d36   0x08002d36   0x00000002   Code   RO         1209    i.NMI_Handler       stm32f4xx_it.o
    0x08002d38   0x08002d38   0x00000020   Code   RO         5423    i.NVIC_SetPriority  stm32f4xx_hal_cortex.o
    0x08002d58   0x08002d58   0x00000012   Code   RO         2306    i.RTC_Bcd2ToByte    stm32f4xx_hal_rtc.o
    0x08002d6a   0x08002d6a   0x00000016   Code   RO         2307    i.RTC_ByteToBcd2    stm32f4xx_hal_rtc.o
    0x08002d80   0x08002d80   0x0000003a   Code   RO         2308    i.RTC_EnterInitMode  stm32f4xx_hal_rtc.o
    0x08002dba   0x08002dba   0x00000024   Code   RO         2654    i.SDIO_ConfigData   stm32f4xx_ll_sdmmc.o
    0x08002dde   0x08002dde   0x00000008   Code   RO         2658    i.SDIO_GetPowerState  stm32f4xx_ll_sdmmc.o
    0x08002de6   0x08002de6   0x0000000c   Code   RO         2659    i.SDIO_GetResponse  stm32f4xx_ll_sdmmc.o
    0x08002df2   0x08002df2   0x00000024   Code   RO         2660    i.SDIO_Init         stm32f4xx_ll_sdmmc.o
    0x08002e16   0x08002e16   0x00000008   Code   RO         2662    i.SDIO_PowerState_ON  stm32f4xx_ll_sdmmc.o
    0x08002e1e   0x08002e1e   0x00000006   Code   RO         2663    i.SDIO_ReadFIFO     stm32f4xx_ll_sdmmc.o
    0x08002e24   0x08002e24   0x00000020   Code   RO         2664    i.SDIO_SendCommand  stm32f4xx_ll_sdmmc.o
    0x08002e44   0x08002e44   0x00000032   Code   RO         2667    i.SDMMC_CmdAppCommand  stm32f4xx_ll_sdmmc.o
    0x08002e76   0x08002e76   0x00000002   PAD
    0x08002e78   0x08002e78   0x00000034   Code   RO         2668    i.SDMMC_CmdAppOperCommand  stm32f4xx_ll_sdmmc.o
    0x08002eac   0x08002eac   0x00000032   Code   RO         2669    i.SDMMC_CmdBlockLength  stm32f4xx_ll_sdmmc.o
    0x08002ede   0x08002ede   0x00000032   Code   RO         2670    i.SDMMC_CmdBusWidth  stm32f4xx_ll_sdmmc.o
    0x08002f10   0x08002f10   0x00000050   Code   RO         2674    i.SDMMC_CmdGoIdleState  stm32f4xx_ll_sdmmc.o
    0x08002f60   0x08002f60   0x00000068   Code   RO         2676    i.SDMMC_CmdOperCond  stm32f4xx_ll_sdmmc.o
    0x08002fc8   0x08002fc8   0x00000032   Code   RO         2677    i.SDMMC_CmdReadMultiBlock  stm32f4xx_ll_sdmmc.o
    0x08002ffa   0x08002ffa   0x00000032   Code   RO         2678    i.SDMMC_CmdReadSingleBlock  stm32f4xx_ll_sdmmc.o
    0x0800302c   0x0800302c   0x00000032   Code   RO         2681    i.SDMMC_CmdSelDesel  stm32f4xx_ll_sdmmc.o
    0x0800305e   0x0800305e   0x0000002c   Code   RO         2682    i.SDMMC_CmdSendCID  stm32f4xx_ll_sdmmc.o
    0x0800308a   0x0800308a   0x0000002c   Code   RO         2683    i.SDMMC_CmdSendCSD  stm32f4xx_ll_sdmmc.o
    0x080030b6   0x080030b6   0x00000030   Code   RO         2684    i.SDMMC_CmdSendSCR  stm32f4xx_ll_sdmmc.o
    0x080030e6   0x080030e6   0x00000032   Code   RO         2685    i.SDMMC_CmdSendStatus  stm32f4xx_ll_sdmmc.o
    0x08003118   0x08003118   0x00000030   Code   RO         2686    i.SDMMC_CmdSetRelAdd  stm32f4xx_ll_sdmmc.o
    0x08003148   0x08003148   0x00000034   Code   RO         2688    i.SDMMC_CmdStopTransfer  stm32f4xx_ll_sdmmc.o
    0x0800317c   0x0800317c   0x00000032   Code   RO         2690    i.SDMMC_CmdWriteMultiBlock  stm32f4xx_ll_sdmmc.o
    0x080031ae   0x080031ae   0x00000032   Code   RO         2691    i.SDMMC_CmdWriteSingleBlock  stm32f4xx_ll_sdmmc.o
    0x080031e0   0x080031e0   0x0000011c   Code   RO         2692    i.SDMMC_GetCmdResp1  stm32f4xx_ll_sdmmc.o
    0x080032fc   0x080032fc   0x00000050   Code   RO         2693    i.SDMMC_GetCmdResp2  stm32f4xx_ll_sdmmc.o
    0x0800334c   0x0800334c   0x00000040   Code   RO         2694    i.SDMMC_GetCmdResp3  stm32f4xx_ll_sdmmc.o
    0x0800338c   0x0800338c   0x00000084   Code   RO         2695    i.SDMMC_GetCmdResp6  stm32f4xx_ll_sdmmc.o
    0x08003410   0x08003410   0x00000020   Code   RO          639    i.SD_CheckStatus    sd_diskio.o
    0x08003430   0x08003430   0x00000056   Code   RO         2945    i.SD_DMAError       stm32f4xx_hal_sd.o
    0x08003486   0x08003486   0x0000003e   Code   RO         2946    i.SD_DMAReceiveCplt  stm32f4xx_hal_sd.o
    0x080034c4   0x080034c4   0x0000000e   Code   RO         2948    i.SD_DMATransmitCplt  stm32f4xx_hal_sd.o
    0x080034d2   0x080034d2   0x000000d4   Code   RO         2950    i.SD_FindSCR        stm32f4xx_hal_sd.o
    0x080035a6   0x080035a6   0x000000e6   Code   RO         2951    i.SD_InitCard       stm32f4xx_hal_sd.o
    0x0800368c   0x0800368c   0x000000a2   Code   RO         2952    i.SD_PowerON        stm32f4xx_hal_sd.o
    0x0800372e   0x0800372e   0x0000004e   Code   RO         2954    i.SD_WideBus_Disable  stm32f4xx_hal_sd.o
    0x0800377c   0x0800377c   0x0000004e   Code   RO         2955    i.SD_WideBus_Enable  stm32f4xx_hal_sd.o
    0x080037ca   0x080037ca   0x00000002   PAD
    0x080037cc   0x080037cc   0x00000044   Code   RO          640    i.SD_initialize     sd_diskio.o
    0x08003810   0x08003810   0x00000050   Code   RO          641    i.SD_ioctl          sd_diskio.o
    0x08003860   0x08003860   0x00000054   Code   RO          642    i.SD_read           sd_diskio.o
    0x080038b4   0x080038b4   0x00000004   Code   RO          643    i.SD_status         sd_diskio.o
    0x080038b8   0x080038b8   0x00000054   Code   RO          644    i.SD_write          sd_diskio.o
    0x0800390c   0x0800390c   0x00000010   Code   RO          849    i.StartDefaultTask  freertos.o
    0x0800391c   0x0800391c   0x00000004   Code   RO         1210    i.SysTick_Handler   stm32f4xx_it.o
    0x08003920   0x08003920   0x000000c4   Code   RO           14    i.SystemClock_Config  main.o
    0x080039e4   0x080039e4   0x00000054   Code   RO         5712    i.SystemInit        system_stm32f4xx.o
    0x08003a38   0x08003a38   0x0000000c   Code   RO         1211    i.TIM2_IRQHandler   stm32f4xx_it.o
    0x08003a44   0x08003a44   0x000000c0   Code   RO         3556    i.TIM_Base_SetConfig  stm32f4xx_hal_tim.o
    0x08003b04   0x08003b04   0x0000000c   Code   RO         1212    i.UART4_IRQHandler  stm32f4xx_it.o
    0x08003b10   0x08003b10   0x00000010   Code   RO         4378    i.UART_DMAAbortOnError  stm32f4xx_hal_uart.o
    0x08003b20   0x08003b20   0x0000001c   Code   RO         4388    i.UART_EndRxTransfer  stm32f4xx_hal_uart.o
    0x08003b3c   0x08003b3c   0x0000008c   Code   RO         4390    i.UART_Receive_IT   stm32f4xx_hal_uart.o
    0x08003bc8   0x08003bc8   0x000002ac   Code   RO         4391    i.UART_SetConfig    stm32f4xx_hal_uart.o
    0x08003e74   0x08003e74   0x00000062   Code   RO         4392    i.UART_Transmit_IT  stm32f4xx_hal_uart.o
    0x08003ed6   0x08003ed6   0x00000002   PAD
    0x08003ed8   0x08003ed8   0x0000000c   Code   RO         1213    i.USART1_IRQHandler  stm32f4xx_it.o
    0x08003ee4   0x08003ee4   0x0000000c   Code   RO         1214    i.USART2_IRQHandler  stm32f4xx_it.o
    0x08003ef0   0x08003ef0   0x0000000c   Code   RO         1215    i.USART3_IRQHandler  stm32f4xx_it.o
    0x08003efc   0x08003efc   0x00000010   Code   RO          780    i.USER_initialize   user_diskio.o
    0x08003f0c   0x08003f0c   0x00000004   Code   RO          781    i.USER_ioctl        user_diskio.o
    0x08003f10   0x08003f10   0x00000004   Code   RO          782    i.USER_read         user_diskio.o
    0x08003f14   0x08003f14   0x00000010   Code   RO          783    i.USER_status       user_diskio.o
    0x08003f24   0x08003f24   0x00000004   Code   RO          784    i.USER_write        user_diskio.o
    0x08003f28   0x08003f28   0x00000002   Code   RO         1216    i.UsageFault_Handler  stm32f4xx_it.o
    0x08003f2a   0x08003f2a   0x00000002   Code   RO           15    i._Error_Handler    main.o
    0x08003f2c   0x08003f2c   0x0000000e   Code   RO        10784    i.__scatterload_copy  mc_w.l(handlers.o)
    0x08003f3a   0x08003f3a   0x00000002   Code   RO        10785    i.__scatterload_null  mc_w.l(handlers.o)
    0x08003f3c   0x08003f3c   0x0000000e   Code   RO        10786    i.__scatterload_zeroinit  mc_w.l(handlers.o)
    0x08003f4a   0x08003f4a   0x0000000c   Code   RO         6948    i.inHandlerMode     cmsis_os.o
    0x08003f56   0x08003f56   0x0000004e   Code   RO           16    i.main              main.o
    0x08003fa4   0x08003fa4   0x0000000c   Code   RO         6950    i.makeFreeRtosPriority  cmsis_os.o
    0x08003fb0   0x08003fb0   0x0000000e   Code   RO         6952    i.osDelay           cmsis_os.o
    0x08003fbe   0x08003fbe   0x00000012   Code   RO         6954    i.osKernelRunning   cmsis_os.o
    0x08003fd0   0x08003fd0   0x0000000a   Code   RO         6955    i.osKernelStart     cmsis_os.o
    0x08003fda   0x08003fda   0x00000018   Code   RO         6956    i.osKernelSysTick   cmsis_os.o
    0x08003ff2   0x08003ff2   0x00000008   Code   RO         6964    i.osMessageCreate   cmsis_os.o
    0x08003ffa   0x08003ffa   0x00000002   PAD
    0x08003ffc   0x08003ffc   0x00000098   Code   RO         6966    i.osMessageGet      cmsis_os.o
    0x08004094   0x08004094   0x0000005c   Code   RO         6968    i.osMessagePut      cmsis_os.o
    0x080040f0   0x080040f0   0x00000014   Code   RO         6988    i.osSystickHandler  cmsis_os.o
    0x08004104   0x08004104   0x0000002e   Code   RO         6989    i.osThreadCreate    cmsis_os.o
    0x08004132   0x08004132   0x00000002   PAD
    0x08004134   0x08004134   0x00000070   Code   RO         6661    i.prvAddCurrentTaskToDelayedList  tasks.o
    0x080041a4   0x080041a4   0x000000d0   Code   RO         6662    i.prvAddNewTaskToReadyList  tasks.o
    0x08004274   0x08004274   0x00000050   Code   RO         6663    i.prvCheckTasksWaitingTermination  tasks.o
    0x080042c4   0x080042c4   0x00000026   Code   RO         6521    i.prvCopyDataFromQueue  queue.o
    0x080042ea   0x080042ea   0x0000006c   Code   RO         6522    i.prvCopyDataToQueue  queue.o
    0x08004356   0x08004356   0x00000014   Code   RO         6664    i.prvDeleteTCB      tasks.o
    0x0800436a   0x0800436a   0x00000002   PAD
    0x0800436c   0x0800436c   0x0000004c   Code   RO         6248    i.prvHeapInit       heap_4.o
    0x080043b8   0x080043b8   0x00000028   Code   RO         6665    i.prvIdleTask       tasks.o
    0x080043e0   0x080043e0   0x0000008e   Code   RO         6666    i.prvInitialiseNewTask  tasks.o
    0x0800446e   0x0800446e   0x00000002   PAD
    0x08004470   0x08004470   0x0000004c   Code   RO         6249    i.prvInsertBlockIntoFreeList  heap_4.o
    0x080044bc   0x080044bc   0x0000001c   Code   RO         6523    i.prvIsQueueEmpty   queue.o
    0x080044d8   0x080044d8   0x00000020   Code   RO         6667    i.prvResetNextTaskUnblockTime  tasks.o
    0x080044f8   0x080044f8   0x00000028   Code   RO         6319    i.prvTaskExitError  port.o
    0x08004520   0x08004520   0x0000006a   Code   RO         6524    i.prvUnlockQueue    queue.o
    0x0800458a   0x0800458a   0x00000002   PAD
    0x0800458c   0x0800458c   0x000000d8   Code   RO         6250    i.pvPortMalloc      heap_4.o
    0x08004664   0x08004664   0x00000018   Code   RO         6669    i.pvTaskIncrementMutexHeldCount  tasks.o
    0x0800467c   0x0800467c   0x0000002c   Code   RO         6320    i.pxPortInitialiseStack  port.o
    0x080046a8   0x080046a8   0x00000024   Code   RO         6484    i.uxListRemove      list.o
    0x080046cc   0x080046cc   0x00000016   Code   RO         6485    i.vListInitialise   list.o
    0x080046e2   0x080046e2   0x00000006   Code   RO         6486    i.vListInitialiseItem  list.o
    0x080046e8   0x080046e8   0x00000030   Code   RO         6487    i.vListInsert       list.o
    0x08004718   0x08004718   0x00000018   Code   RO         6488    i.vListInsertEnd    list.o
    0x08004730   0x08004730   0x00000040   Code   RO         6322    i.vPortEnterCritical  port.o
    0x08004770   0x08004770   0x00000028   Code   RO         6323    i.vPortExitCritical  port.o
    0x08004798   0x08004798   0x0000005c   Code   RO         6251    i.vPortFree         heap_4.o
    0x080047f4   0x080047f4   0x00000020   Code   RO         6324    i.vPortSetupTimerInterrupt  port.o
    0x08004814   0x08004814   0x00000054   Code   RO         6325    i.vPortValidateInterruptPriority  port.o
    0x08004868   0x08004868   0x0000004c   Code   RO         6675    i.vTaskDelay        tasks.o
    0x080048b4   0x080048b4   0x0000000c   Code   RO         6678    i.vTaskMissedYield  tasks.o
    0x080048c0   0x080048c0   0x00000030   Code   RO         6680    i.vTaskPlaceOnEventList  tasks.o
    0x080048f0   0x080048f0   0x00000084   Code   RO         6682    i.vTaskPriorityInherit  tasks.o
    0x08004974   0x08004974   0x00000024   Code   RO         6685    i.vTaskSetTimeOutState  tasks.o
    0x08004998   0x08004998   0x00000068   Code   RO         6686    i.vTaskStartScheduler  tasks.o
    0x08004a00   0x08004a00   0x00000010   Code   RO         6688    i.vTaskSuspendAll   tasks.o
    0x08004a10   0x08004a10   0x0000005c   Code   RO         6689    i.vTaskSwitchContext  tasks.o
    0x08004a6c   0x08004a6c   0x000000e0   Code   RO         6326    i.xPortStartScheduler  port.o
    0x08004b4c   0x08004b4c   0x0000002c   Code   RO         6327    i.xPortSysTickHandler  port.o
    0x08004b78   0x08004b78   0x00000048   Code   RO         6532    i.xQueueGenericCreate  queue.o
    0x08004bc0   0x08004bc0   0x0000016c   Code   RO         6533    i.xQueueGenericReceive  queue.o
    0x08004d2c   0x08004d2c   0x00000088   Code   RO         6534    i.xQueueGenericReset  queue.o
    0x08004db4   0x08004db4   0x00000160   Code   RO         6535    i.xQueueGenericSend  queue.o
    0x08004f14   0x08004f14   0x000000bc   Code   RO         6536    i.xQueueGenericSendFromISR  queue.o
    0x08004fd0   0x08004fd0   0x0000009a   Code   RO         6541    i.xQueueReceiveFromISR  queue.o
    0x0800506a   0x0800506a   0x00000002   PAD
    0x0800506c   0x0800506c   0x0000006c   Code   RO         6690    i.xTaskCheckForTimeOut  tasks.o
    0x080050d8   0x080050d8   0x00000056   Code   RO         6691    i.xTaskCreate       tasks.o
    0x0800512e   0x0800512e   0x00000002   PAD
    0x08005130   0x08005130   0x0000001c   Code   RO         6695    i.xTaskGetSchedulerState  tasks.o
    0x0800514c   0x0800514c   0x0000000c   Code   RO         6696    i.xTaskGetTickCount  tasks.o
    0x08005158   0x08005158   0x00000010   Code   RO         6697    i.xTaskGetTickCountFromISR  tasks.o
    0x08005168   0x08005168   0x000000c8   Code   RO         6698    i.xTaskIncrementTick  tasks.o
    0x08005230   0x08005230   0x00000098   Code   RO         6701    i.xTaskPriorityDisinherit  tasks.o
    0x080052c8   0x080052c8   0x00000074   Code   RO         6702    i.xTaskRemoveFromEventList  tasks.o
    0x0800533c   0x0800533c   0x000000c4   Code   RO         6704    i.xTaskResumeAll    tasks.o
    0x08005400   0x08005400   0x00000014   Data   RO          645    .constdata          sd_diskio.o
    0x08005414   0x08005414   0x00000008   Data   RO          646    .constdata          sd_diskio.o
    0x0800541c   0x0800541c   0x00000014   Data   RO          850    .constdata          freertos.o
    0x08005430   0x08005430   0x00000008   Data   RO         5140    .constdata          stm32f4xx_hal_dma.o
    0x08005438   0x08005438   0x00000010   Data   RO         5713    .constdata          system_stm32f4xx.o
    0x08005448   0x08005448   0x00000008   Data   RO         5714    .constdata          system_stm32f4xx.o
    0x08005450   0x08005450   0x0000000c   Data   RO          851    .conststring        freertos.o
    0x0800545c   0x0800545c   0x00000020   Data   RO        10782    Region$$Table       anon$$obj.o


    Execution Region RW_IRAM1 (Exec base: 0x20000000, Load base: 0x0800547c, Size: 0x00004688, Max: 0x00020000, ABSOLUTE)

    Exec Addr    Load Addr    Size         Type   Attr      Idx    E Section Name        Object

    0x20000000   0x0800547c   0x00000008   Data   RW          388    .data               crc.o
    0x20000008   0x08005484   0x00000008   Data   RW          647    .data               sd_diskio.o
    0x20000010   0x0800548c   0x0000000a   Data   RW          722    .data               fatfs.o
    0x2000001a   0x08005496   0x00000001   Data   RW          785    .data               user_diskio.o
    0x2000001b   0x08005497   0x00000001   PAD
    0x2000001c   0x08005498   0x00000014   Data   RW          786    .data               user_diskio.o
    0x20000030   0x080054ac   0x00000004   Data   RW          852    .data               freertos.o
    0x20000034   0x080054b0   0x0000000c   Data   RW         5565    .data               stm32f4xx_hal.o
    0x20000040   0x080054bc   0x00000004   Data   RW         5715    .data               system_stm32f4xx.o
    0x20000044   0x080054c0   0x00000018   Data   RW         6256    .data               heap_4.o
    0x2000005c   0x080054d8   0x0000000c   Data   RW         6328    .data               port.o
    0x20000068   0x080054e4   0x0000003c   Data   RW         6707    .data               tasks.o
    0x200000a4        -       0x00000048   Zero   RW          346    .bss                adc.o
    0x200000ec        -       0x00000040   Zero   RW          430    .bss                dcmi.o
    0x2000012c        -       0x000000a8   Zero   RW          905    .bss                i2c.o
    0x200001d4        -       0x00000020   Zero   RW         1013    .bss                rtc.o
    0x200001f4        -       0x00000084   Zero   RW         1055    .bss                sdio.o
    0x20000278        -       0x000000b0   Zero   RW         1098    .bss                spi.o
    0x20000328        -       0x00000220   Zero   RW         1148    .bss                usart.o
    0x20000548        -       0x0000003c   Zero   RW         1341    .bss                stm32f4xx_hal_timebase_tim.o
    0x20000584        -       0x00000010   Zero   RW         6205    .bss                ff_gen_drv.o
    0x20000594        -       0x00003c00   Zero   RW         6255    .bss                heap_4.o
    0x20004194        -       0x000000f0   Zero   RW         6706    .bss                tasks.o
    0x20004284   0x08005520   0x00000004   PAD
    0x20004288        -       0x00000400   Zero   RW            1    STACK               startup_stm32f407xx.o


==============================================================================

Image component sizes


      Code (inc. data)   RO Data    RW Data    ZI Data      Debug   Object Name

       180         42          0          0         72       1625   adc.o
       174         22          0          0          0       4446   bsp_driver_sd.o
       408         12          0          0          0      19292   cmsis_os.o
        96         34          0          8          0       1511   crc.o
       216         52          0          0         64       1674   dcmi.o
        76          4          0          0          0        782   dma.o
         0          0          0          0          0       8072   event_groups.o
        40         12          0         10          0       1186   fatfs.o
        24          4          0          0          0        553   fatfs_platform.o
        70          4          0          0         16       1651   ff_gen_drv.o
        56         10         32          4          0       1714   freertos.o
       200         18          0          0          0       1039   gpio.o
       460         24          0         24      15360       8851   heap_4.o
       276         76          0          0        168       2258   i2c.o
         2          0          0          0          0        446   libjpeg.o
       136          0          0          0          0       3586   list.o
       290         10          0          0          0     767701   main.o
       758         84          0         12          0      11973   port.o
      1546         14          0          0          0      13880   queue.o
       176         34          0          0         32       1555   rtc.o
       372         36         28          8          0      10930   sd_diskio.o
       132         26          0          0        132       1589   sdio.o
       344         74          0          0        176       2302   spi.o
        36          8        392          0       1024        844   startup_stm32f407xx.o
       116         18          0         12          0       3926   stm32f4xx_hal.o
       708         28          0          0          0       2903   stm32f4xx_hal_adc.o
       218         14          0          0          0      31077   stm32f4xx_hal_cortex.o
        38          0          0          0          0       1063   stm32f4xx_hal_crc.o
       118          0          0          0          0       1124   stm32f4xx_hal_dcmi_ex.o
       948         16          8          0          0       6522   stm32f4xx_hal_dma.o
       452         44          0          0          0       3115   stm32f4xx_hal_gpio.o
       264         10          0          0          0       2999   stm32f4xx_hal_i2c.o
       132          6          0          0          0        922   stm32f4xx_hal_msp.o
      1476        106          0          0          0       7273   stm32f4xx_hal_rcc.o
       316         20          0          0          0       1400   stm32f4xx_hal_rcc_ex.o
       764         16          0          0          0       6004   stm32f4xx_hal_rtc.o
      2224         30          0          0          0      14615   stm32f4xx_hal_sd.o
       128          0          0          0          0       1227   stm32f4xx_hal_spi.o
       638         44          0          0          0       7118   stm32f4xx_hal_tim.o
         4          0          0          0          0       1630   stm32f4xx_hal_tim_ex.o
       116         14          0          0         60       1468   stm32f4xx_hal_timebase_tim.o
      1342         14          0          0          0       7535   stm32f4xx_hal_uart.o
       112         48          0          0          0       6990   stm32f4xx_it.o
      1620         42          0          0          0      22286   stm32f4xx_ll_sdmmc.o
        84         18         24          4          0       1183   system_stm32f4xx.o
      2088        182          0         60        240      23752   tasks.o
       772        148          0          0        544       3943   usart.o
        44         12          0         21          0       3168   user_diskio.o

    ----------------------------------------------------------------------
     20830       1430        516        164      17892    1032703   Object Totals
         0          0         32          0          0          0   (incl. Generated)
        40          0          0          1          4          0   (incl. Padding)

    ----------------------------------------------------------------------

      Code (inc. data)   RO Data    RW Data    ZI Data      Debug   Library Member Name

         0          0          0          0          0          0   entry.o
         0          0          0          0          0          0   entry10a.o
         0          0          0          0          0          0   entry11a.o
         8          4          0          0          0          0   entry2.o
         4          0          0          0          0          0   entry5.o
         0          0          0          0          0          0   entry7b.o
         0          0          0          0          0          0   entry8b.o
         8          4          0          0          0          0   entry9a.o
        30          0          0          0          0          0   handlers.o
        36          8          0          0          0         68   init.o
        30          0          0          0          0         68   llshl.o
        32          0          0          0          0         68   llushr.o
        36          0          0          0          0         68   memcpya.o
        98          0          0          0          0         92   uldiv.o

    ----------------------------------------------------------------------
       282         16          0          0          0        364   Library Totals
         0          0          0          0          0          0   (incl. Padding)

    ----------------------------------------------------------------------

      Code (inc. data)   RO Data    RW Data    ZI Data      Debug   Library Name

       282         16          0          0          0        364   mc_w.l

    ----------------------------------------------------------------------
       282         16          0          0          0        364   Library Totals

    ----------------------------------------------------------------------

==============================================================================


      Code (inc. data)   RO Data    RW Data    ZI Data      Debug   

     21112       1446        516        164      17892    1009567   Grand Totals
     21112       1446        516        164      17892    1009567   ELF Image Totals
     21112       1446        516        164          0          0   ROM Totals

==============================================================================

    Total RO  Size (Code + RO Data)                21628 (  21.12kB)
    Total RW  Size (RW Data + ZI Data)             18056 (  17.63kB)
    Total ROM Size (Code + RO Data + RW Data)      21792 (  21.28kB)

==============================================================================

