<html>
<body>
<pre>
<h1>µVision Build Log</h1>
<h2>Tool Versions:</h2>
IDE-Version: ¦ÌVision V5.26.2.0
Copyright (C) 2018 ARM Ltd and ARM Germany GmbH. All rights reserved.
License Information: z zriun, loy, LIC=S5IGK-ZWMMS-WIA5K-ZQ7D2-8DHAV-W5K1E
 
Tool Versions:
Toolchain:       MDK-ARM Professional  Version: 5.26.2.0
Toolchain Path:  d:\Keil_v5\ARM\ARMCC\Bin
C Compiler:      Armcc.exe V5.06 update 6 (build 750)
Assembler:       Armasm.exe V5.06 update 6 (build 750)
Linker/Locator:  ArmLink.exe V5.06 update 6 (build 750)
Library Manager: ArmAr.exe V5.06 update 6 (build 750)
Hex Converter:   FromElf.exe V5.06 update 6 (build 750)
CPU DLL:         SARMCM3.DLL V5.26.2.0
Dialog DLL:      DCM.DLL V1.17.2.0
Target DLL:      STLink\ST-LINKIII-KEIL_SWO.dll V3.0.5.0
Dialog DLL:      TCM.DLL V1.36.1.0
 
<h2>Project:</h2>
F:\co_pro_2019\4G-com\CODE\CarStatusMonitor\MDK-ARM\CarStatusMonitor.uvprojx
Project File Date:  06/17/2019

<h2>Output:</h2>
*** Using Compiler 'V5.06 update 6 (build 750)', folder: 'd:\Keil_v5\ARM\ARMCC\Bin'
Rebuild target 'CarStatusMonitor'
assembling startup_stm32f407xx.s...
compiling bsp_driver_sd.c...
compiling adc.c...
compiling gpio.c...
compiling crc.c...
compiling dma.c...
compiling dcmi.c...
compiling sd_diskio.c...
compiling main.c...
compiling user_diskio.c...
compiling i2c.c...
compiling fatfs.c...
compiling fatfs_platform.c...
compiling freertos.c...
compiling jdata_conf.c...
compiling rtc.c...
compiling libjpeg.c...
compiling usart.c...
compiling sdio.c...
compiling stm32f4xx_hal_msp.c...
compiling spi.c...
compiling stm32f4xx_hal_timebase_TIM.c...
compiling stm32f4xx_it.c...
compiling stm32f4xx_hal_adc_ex.c...
compiling stm32f4xx_hal_adc.c...
compiling stm32f4xx_hal_crc.c...
compiling stm32f4xx_hal_dcmi.c...
compiling stm32f4xx_hal_i2c_ex.c...
compiling stm32f4xx_hal_dcmi_ex.c...
compiling stm32f4xx_hal_rtc.c...
compiling stm32f4xx_hal_rtc_ex.c...
compiling stm32f4xx_ll_sdmmc.c...
compiling stm32f4xx_hal_i2c.c...
compiling stm32f4xx_hal_rcc_ex.c...
compiling stm32f4xx_hal_flash.c...
compiling stm32f4xx_hal_tim.c...
compiling stm32f4xx_hal_tim_ex.c...
compiling stm32f4xx_hal_uart.c...
compiling stm32f4xx_hal_sd.c...
compiling stm32f4xx_hal_spi.c...
compiling stm32f4xx_hal_rcc.c...
compiling stm32f4xx_hal_flash_ramfunc.c...
compiling stm32f4xx_hal_gpio.c...
compiling stm32f4xx_hal_flash_ex.c...
compiling stm32f4xx_hal_dma_ex.c...
compiling stm32f4xx_hal_cortex.c...
compiling stm32f4xx_hal_pwr_ex.c...
compiling stm32f4xx_hal_dma.c...
compiling stm32f4xx_hal_pwr.c...
compiling heap_4.c...
compiling croutine.c...
compiling port.c...
compiling event_groups.c...
compiling list.c...
compiling queue.c...
compiling tasks.c...
compiling timers.c...
compiling cmsis_os.c...
compiling system_stm32f4xx.c...
compiling stm32f4xx_hal.c...
compiling diskio.c...
compiling syscall.c...
compiling ff_gen_drv.c...
compiling ff.c...
compiling jcapimin.c...
compiling jcapistd.c...
compiling jcomapi.c...
compiling jdapimin.c...
compiling jdapistd.c...
compiling jcparam.c...
compiling jctrans.c...
compiling jdtrans.c...
compiling jcinit.c...
compiling jcmaster.c...
compiling jcmainct.c...
compiling jccoefct.c...
compiling jcdctmgr.c...
compiling jcprepct.c...
compiling jccolor.c...
compiling jcsample.c...
compiling jfdctfst.c...
compiling jfdctint.c...
compiling jchuff.c...
compiling jdatadst.c...
compiling jfdctflt.c...
compiling jdmaster.c...
compiling jcarith.c...
compiling jcmarker.c...
compiling jdinput.c...
compiling jdmainct.c...
compiling jdcoefct.c...
compiling jdpostct.c...
compiling jdarith.c...
compiling jdmarker.c...
compiling jddctmgr.c...
compiling jdhuff.c...
compiling jidctint.c...
compiling jidctfst.c...
compiling jidctflt.c...
compiling jdsample.c...
compiling jdcolor.c...
compiling jdmerge.c...
compiling jquant1.c...
compiling jquant2.c...
compiling jdatasrc.c...
compiling jaricom.c...
compiling jerror.c...
compiling jmemnobs.c...
compiling jutils.c...
compiling jmemmgr.c...
linking...
Program Size: Code=21112 RO-data=516 RW-data=164 ZI-data=17892  
FromELF: creating hex file...
"CarStatusMonitor\CarStatusMonitor.axf" - 0 Error(s), 0 Warning(s).

<h2>Software Packages used:</h2>

Package Vendor: ARM
                http://www.keil.com/pack/ARM.CMSIS.5.4.0.pack
                ARM.CMSIS.5.4.0
                CMSIS (Cortex Microcontroller Software Interface Standard)
   * Component: CORE Version: 5.1.2

Package Vendor: Keil
                http://www.keil.com/pack/Keil.STM32F4xx_DFP.2.13.0.pack
                Keil.STM32F4xx_DFP.2.13.0
                STMicroelectronics STM32F4 Series Device Support, Drivers and Examples

<h2>Collection of Component include folders:</h2>
  .\RTE\_CarStatusMonitor
  d:\Keil_v5\ARM\PACK\ARM\CMSIS\5.4.0\CMSIS\Core\Include
  d:\Keil_v5\ARM\PACK\Keil\STM32F4xx_DFP\2.13.0\Drivers\CMSIS\Device\ST\STM32F4xx\Include

<h2>Collection of Component Files used:</h2>

   * Component: ARM::CMSIS:CORE:5.1.2
Build Time Elapsed:  00:02:02
</pre>
</body>
</html>
